[     281ms] [VERBOSE] [DOM] Input elements should have autocomplete attributes (suggested: "current-password"): (More info: https://goo.gl/9p2vKq) %o @ http://localhost/abed-hub/login.php:0
[   61702ms] [ERROR] Failed to load resource: the server responded with a status of 404 (Not Found) @ http://localhost/api/notifications.php?action=count:0
[   61703ms] [ERROR] Error getting unread count: Error: Failed to fetch count
    at NotificationManager.getUnreadCount (http://localhost/abed-hub/assets/js/notifications.js:56:31)
    at async NotificationManager.pollNotifications (http://localhost/abed-hub/assets/js/notifications.js:243:20) @ http://localhost/abed-hub/assets/js/notifications.js:62
[   63904ms] [VERBOSE] [DOM] Password field is not contained in a form: (More info: https://goo.gl/9p2vKq) %o @ http://localhost/abed-hub/projects-advanced.php:0
[   63912ms] [ERROR] Failed to load resource: the server responded with a status of 404 (Not Found) @ http://localhost/api/notifications.php?action=count:0
[   63912ms] [ERROR] Error getting unread count: Error: Failed to fetch count
    at NotificationManager.getUnreadCount (http://localhost/abed-hub/assets/js/notifications.js:56:31)
    at async NotificationManager.pollNotifications (http://localhost/abed-hub/assets/js/notifications.js:243:20) @ http://localhost/abed-hub/assets/js/notifications.js:62
[   66653ms] [ERROR] Failed to load resource: the server responded with a status of 404 (Not Found) @ http://localhost/api/notifications.php?action=count:0
[   66653ms] [ERROR] Error getting unread count: Error: Failed to fetch count
    at NotificationManager.getUnreadCount (http://localhost/abed-hub/assets/js/notifications.js:56:31)
    at async NotificationManager.pollNotifications (http://localhost/abed-hub/assets/js/notifications.js:243:20) @ http://localhost/abed-hub/assets/js/notifications.js:62
[   68018ms] [ERROR] Failed to load resource: the server responded with a status of 404 (Not Found) @ http://localhost/api/notifications.php?action=count:0
[   68019ms] [ERROR] Error getting unread count: Error: Failed to fetch count
    at NotificationManager.getUnreadCount (http://localhost/abed-hub/assets/js/notifications.js:56:31)
    at async NotificationManager.pollNotifications (http://localhost/abed-hub/assets/js/notifications.js:243:20) @ http://localhost/abed-hub/assets/js/notifications.js:62
[  116504ms] [ERROR] Failed to load resource: the server responded with a status of 404 (Not Found) @ http://localhost/api/notifications.php?action=count:0
[  116505ms] [ERROR] Error getting unread count: Error: Failed to fetch count
    at NotificationManager.getUnreadCount (http://localhost/abed-hub/assets/js/notifications.js:56:31)
    at async NotificationManager.pollNotifications (http://localhost/abed-hub/assets/js/notifications.js:243:20) @ http://localhost/abed-hub/assets/js/notifications.js:62
[  154726ms] [ERROR] Failed to load resource: the server responded with a status of 404 (Not Found) @ http://localhost/api/notifications.php?action=count:0
[  154728ms] [ERROR] Error getting unread count: Error: Failed to fetch count
    at NotificationManager.getUnreadCount (http://localhost/abed-hub/assets/js/notifications.js:56:31)
    at async NotificationManager.pollNotifications (http://localhost/abed-hub/assets/js/notifications.js:243:20) @ http://localhost/abed-hub/assets/js/notifications.js:62
[  186110ms] [ERROR] Failed to load resource: the server responded with a status of 404 (Not Found) @ http://localhost/api/notifications.php?action=count:0
[  186128ms] [ERROR] Error getting unread count: Error: Failed to fetch count
    at NotificationManager.getUnreadCount (http://localhost/abed-hub/assets/js/notifications.js:56:31)
    at async NotificationManager.pollNotifications (http://localhost/abed-hub/assets/js/notifications.js:243:20) @ http://localhost/abed-hub/assets/js/notifications.js:62
[  218180ms] [ERROR] Failed to load resource: the server responded with a status of 404 (Not Found) @ http://localhost/api/notifications.php?action=count:0
[  218192ms] [ERROR] Error getting unread count: Error: Failed to fetch count
    at NotificationManager.getUnreadCount (http://localhost/abed-hub/assets/js/notifications.js:56:31)
    at async NotificationManager.pollNotifications (http://localhost/abed-hub/assets/js/notifications.js:243:20) @ http://localhost/abed-hub/assets/js/notifications.js:62
[  250450ms] [ERROR] Failed to load resource: the server responded with a status of 404 (Not Found) @ http://localhost/api/notifications.php?action=count:0
[  250464ms] [ERROR] Error getting unread count: Error: Failed to fetch count
    at NotificationManager.getUnreadCount (http://localhost/abed-hub/assets/js/notifications.js:56:31)
    at async NotificationManager.pollNotifications (http://localhost/abed-hub/assets/js/notifications.js:243:20) @ http://localhost/abed-hub/assets/js/notifications.js:62
[  280554ms] [ERROR] Failed to load resource: the server responded with a status of 404 (Not Found) @ http://localhost/api/notifications.php?action=count:0
[  280562ms] [ERROR] Error getting unread count: Error: Failed to fetch count
    at NotificationManager.getUnreadCount (http://localhost/abed-hub/assets/js/notifications.js:56:31)
    at async NotificationManager.pollNotifications (http://localhost/abed-hub/assets/js/notifications.js:243:20) @ http://localhost/abed-hub/assets/js/notifications.js:62
[  298603ms] [ERROR] Failed to load resource: the server responded with a status of 404 (Not Found) @ http://localhost/api/notifications.php?action=count:0
[  298604ms] [ERROR] Error getting unread count: Error: Failed to fetch count
    at NotificationManager.getUnreadCount (http://localhost/abed-hub/assets/js/notifications.js:56:31)
    at async NotificationManager.pollNotifications (http://localhost/abed-hub/assets/js/notifications.js:243:20) @ http://localhost/abed-hub/assets/js/notifications.js:62
[  327938ms] [VERBOSE] [DOM] Password field is not contained in a form: (More info: https://goo.gl/9p2vKq) %o @ http://localhost/abed-hub/projects-advanced.php:0
[  327945ms] [ERROR] Failed to load resource: the server responded with a status of 404 (Not Found) @ http://localhost/api/notifications.php?action=count:0
[  327945ms] [ERROR] Error getting unread count: Error: Failed to fetch count
    at NotificationManager.getUnreadCount (http://localhost/abed-hub/assets/js/notifications.js:56:31)
    at async NotificationManager.pollNotifications (http://localhost/abed-hub/assets/js/notifications.js:243:20) @ http://localhost/abed-hub/assets/js/notifications.js:62
[  328970ms] [VERBOSE] [DOM] Password field is not contained in a form: (More info: https://goo.gl/9p2vKq) %o @ http://localhost/abed-hub/projects-advanced.php?type=idp&search=&stage=&year=2026:0
[  328974ms] [ERROR] Failed to load resource: the server responded with a status of 404 (Not Found) @ http://localhost/api/notifications.php?action=count:0
[  328975ms] [ERROR] Error getting unread count: Error: Failed to fetch count
    at NotificationManager.getUnreadCount (http://localhost/abed-hub/assets/js/notifications.js:56:31)
    at async NotificationManager.pollNotifications (http://localhost/abed-hub/assets/js/notifications.js:243:20) @ http://localhost/abed-hub/assets/js/notifications.js:62
[  333378ms] [ERROR] Failed to load resource: the server responded with a status of 404 (Not Found) @ http://localhost/api/notifications.php?action=count:0
[  333378ms] [ERROR] Error getting unread count: Error: Failed to fetch count
    at NotificationManager.getUnreadCount (http://localhost/abed-hub/assets/js/notifications.js:56:31)
    at async NotificationManager.pollNotifications (http://localhost/abed-hub/assets/js/notifications.js:243:20) @ http://localhost/abed-hub/assets/js/notifications.js:62
[  363391ms] [ERROR] Failed to load resource: the server responded with a status of 404 (Not Found) @ http://localhost/api/notifications.php?action=count:0
[  363392ms] [ERROR] Error getting unread count: Error: Failed to fetch count
    at NotificationManager.getUnreadCount (http://localhost/abed-hub/assets/js/notifications.js:56:31)
    at async NotificationManager.pollNotifications (http://localhost/abed-hub/assets/js/notifications.js:243:20) @ http://localhost/abed-hub/assets/js/notifications.js:62
[  377399ms] [ERROR] Failed to load resource: the server responded with a status of 404 (Not Found) @ http://localhost/api/notifications.php?action=count:0
[  377400ms] [ERROR] Error getting unread count: Error: Failed to fetch count
    at NotificationManager.getUnreadCount (http://localhost/abed-hub/assets/js/notifications.js:56:31)
    at async NotificationManager.pollNotifications (http://localhost/abed-hub/assets/js/notifications.js:243:20) @ http://localhost/abed-hub/assets/js/notifications.js:62
[  407419ms] [ERROR] Failed to load resource: the server responded with a status of 404 (Not Found) @ http://localhost/api/notifications.php?action=count:0
[  407419ms] [ERROR] Error getting unread count: Error: Failed to fetch count
    at NotificationManager.getUnreadCount (http://localhost/abed-hub/assets/js/notifications.js:56:31)
    at async NotificationManager.pollNotifications (http://localhost/abed-hub/assets/js/notifications.js:243:20) @ http://localhost/abed-hub/assets/js/notifications.js:62
[  437440ms] [ERROR] Failed to load resource: the server responded with a status of 404 (Not Found) @ http://localhost/api/notifications.php?action=count:0
[  437440ms] [ERROR] Error getting unread count: Error: Failed to fetch count
    at NotificationManager.getUnreadCount (http://localhost/abed-hub/assets/js/notifications.js:56:31)
    at async NotificationManager.pollNotifications (http://localhost/abed-hub/assets/js/notifications.js:243:20) @ http://localhost/abed-hub/assets/js/notifications.js:62
[  467470ms] [ERROR] Failed to load resource: the server responded with a status of 404 (Not Found) @ http://localhost/api/notifications.php?action=count:0
[  467470ms] [ERROR] Error getting unread count: Error: Failed to fetch count
    at NotificationManager.getUnreadCount (http://localhost/abed-hub/assets/js/notifications.js:56:31)
    at async NotificationManager.pollNotifications (http://localhost/abed-hub/assets/js/notifications.js:243:20) @ http://localhost/abed-hub/assets/js/notifications.js:62
[  497485ms] [ERROR] Failed to load resource: the server responded with a status of 404 (Not Found) @ http://localhost/api/notifications.php?action=count:0
[  497485ms] [ERROR] Error getting unread count: Error: Failed to fetch count
    at NotificationManager.getUnreadCount (http://localhost/abed-hub/assets/js/notifications.js:56:31)
    at async NotificationManager.pollNotifications (http://localhost/abed-hub/assets/js/notifications.js:243:20) @ http://localhost/abed-hub/assets/js/notifications.js:62
[  527504ms] [ERROR] Failed to load resource: the server responded with a status of 404 (Not Found) @ http://localhost/api/notifications.php?action=count:0
[  527504ms] [ERROR] Error getting unread count: Error: Failed to fetch count
    at NotificationManager.getUnreadCount (http://localhost/abed-hub/assets/js/notifications.js:56:31)
    at async NotificationManager.pollNotifications (http://localhost/abed-hub/assets/js/notifications.js:243:20) @ http://localhost/abed-hub/assets/js/notifications.js:62
[  557520ms] [ERROR] Failed to load resource: the server responded with a status of 404 (Not Found) @ http://localhost/api/notifications.php?action=count:0
[  557520ms] [ERROR] Error getting unread count: Error: Failed to fetch count
    at NotificationManager.getUnreadCount (http://localhost/abed-hub/assets/js/notifications.js:56:31)
    at async NotificationManager.pollNotifications (http://localhost/abed-hub/assets/js/notifications.js:243:20) @ http://localhost/abed-hub/assets/js/notifications.js:62
[  587526ms] [ERROR] Failed to load resource: the server responded with a status of 404 (Not Found) @ http://localhost/api/notifications.php?action=count:0
[  587526ms] [ERROR] Error getting unread count: Error: Failed to fetch count
    at NotificationManager.getUnreadCount (http://localhost/abed-hub/assets/js/notifications.js:56:31)
    at async NotificationManager.pollNotifications (http://localhost/abed-hub/assets/js/notifications.js:243:20) @ http://localhost/abed-hub/assets/js/notifications.js:62
[  617545ms] [ERROR] Failed to load resource: the server responded with a status of 404 (Not Found) @ http://localhost/api/notifications.php?action=count:0
[  617545ms] [ERROR] Error getting unread count: Error: Failed to fetch count
    at NotificationManager.getUnreadCount (http://localhost/abed-hub/assets/js/notifications.js:56:31)
    at async NotificationManager.pollNotifications (http://localhost/abed-hub/assets/js/notifications.js:243:20) @ http://localhost/abed-hub/assets/js/notifications.js:62
[  647560ms] [ERROR] Failed to load resource: the server responded with a status of 404 (Not Found) @ http://localhost/api/notifications.php?action=count:0
[  647560ms] [ERROR] Error getting unread count: Error: Failed to fetch count
    at NotificationManager.getUnreadCount (http://localhost/abed-hub/assets/js/notifications.js:56:31)
    at async NotificationManager.pollNotifications (http://localhost/abed-hub/assets/js/notifications.js:243:20) @ http://localhost/abed-hub/assets/js/notifications.js:62
[  677573ms] [ERROR] Failed to load resource: the server responded with a status of 404 (Not Found) @ http://localhost/api/notifications.php?action=count:0
[  677573ms] [ERROR] Error getting unread count: Error: Failed to fetch count
    at NotificationManager.getUnreadCount (http://localhost/abed-hub/assets/js/notifications.js:56:31)
    at async NotificationManager.pollNotifications (http://localhost/abed-hub/assets/js/notifications.js:243:20) @ http://localhost/abed-hub/assets/js/notifications.js:62
[  707590ms] [ERROR] Failed to load resource: the server responded with a status of 404 (Not Found) @ http://localhost/api/notifications.php?action=count:0
[  707590ms] [ERROR] Error getting unread count: Error: Failed to fetch count
    at NotificationManager.getUnreadCount (http://localhost/abed-hub/assets/js/notifications.js:56:31)
    at async NotificationManager.pollNotifications (http://localhost/abed-hub/assets/js/notifications.js:243:20) @ http://localhost/abed-hub/assets/js/notifications.js:62
