[      86ms] [ERROR] Failed to load resource: the server responded with a status of 404 (Not Found) @ http://localhost/api/notifications.php?action=count:0
[      87ms] [ERROR] Error getting unread count: Error: Failed to fetch count
    at NotificationManager.getUnreadCount (http://localhost/abed-hub/assets/js/notifications.js:56:31)
    at async NotificationManager.pollNotifications (http://localhost/abed-hub/assets/js/notifications.js:243:20) @ http://localhost/abed-hub/assets/js/notifications.js:62
[   30103ms] [ERROR] Failed to load resource: the server responded with a status of 404 (Not Found) @ http://localhost/api/notifications.php?action=count:0
[   30106ms] [ERROR] Error getting unread count: Error: Failed to fetch count
    at NotificationManager.getUnreadCount (http://localhost/abed-hub/assets/js/notifications.js:56:31)
    at async NotificationManager.pollNotifications (http://localhost/abed-hub/assets/js/notifications.js:243:20) @ http://localhost/abed-hub/assets/js/notifications.js:62
[   60114ms] [ERROR] Failed to load resource: the server responded with a status of 404 (Not Found) @ http://localhost/api/notifications.php?action=count:0
[   60119ms] [ERROR] Error getting unread count: Error: Failed to fetch count
    at NotificationManager.getUnreadCount (http://localhost/abed-hub/assets/js/notifications.js:56:31)
    at async NotificationManager.pollNotifications (http://localhost/abed-hub/assets/js/notifications.js:243:20) @ http://localhost/abed-hub/assets/js/notifications.js:62
[   90131ms] [ERROR] Failed to load resource: the server responded with a status of 404 (Not Found) @ http://localhost/api/notifications.php?action=count:0
[   90131ms] [ERROR] Error getting unread count: Error: Failed to fetch count
    at NotificationManager.getUnreadCount (http://localhost/abed-hub/assets/js/notifications.js:56:31)
    at async NotificationManager.pollNotifications (http://localhost/abed-hub/assets/js/notifications.js:243:20) @ http://localhost/abed-hub/assets/js/notifications.js:62
[  120148ms] [ERROR] Failed to load resource: the server responded with a status of 404 (Not Found) @ http://localhost/api/notifications.php?action=count:0
[  120148ms] [ERROR] Error getting unread count: Error: Failed to fetch count
    at NotificationManager.getUnreadCount (http://localhost/abed-hub/assets/js/notifications.js:56:31)
    at async NotificationManager.pollNotifications (http://localhost/abed-hub/assets/js/notifications.js:243:20) @ http://localhost/abed-hub/assets/js/notifications.js:62
[  150166ms] [ERROR] Failed to load resource: the server responded with a status of 404 (Not Found) @ http://localhost/api/notifications.php?action=count:0
[  150166ms] [ERROR] Error getting unread count: Error: Failed to fetch count
    at NotificationManager.getUnreadCount (http://localhost/abed-hub/assets/js/notifications.js:56:31)
    at async NotificationManager.pollNotifications (http://localhost/abed-hub/assets/js/notifications.js:243:20) @ http://localhost/abed-hub/assets/js/notifications.js:62
[  180182ms] [ERROR] Failed to load resource: the server responded with a status of 404 (Not Found) @ http://localhost/api/notifications.php?action=count:0
[  180183ms] [ERROR] Error getting unread count: Error: Failed to fetch count
    at NotificationManager.getUnreadCount (http://localhost/abed-hub/assets/js/notifications.js:56:31)
    at async NotificationManager.pollNotifications (http://localhost/abed-hub/assets/js/notifications.js:243:20) @ http://localhost/abed-hub/assets/js/notifications.js:62
[  210195ms] [ERROR] Failed to load resource: the server responded with a status of 404 (Not Found) @ http://localhost/api/notifications.php?action=count:0
[  210195ms] [ERROR] Error getting unread count: Error: Failed to fetch count
    at NotificationManager.getUnreadCount (http://localhost/abed-hub/assets/js/notifications.js:56:31)
    at async NotificationManager.pollNotifications (http://localhost/abed-hub/assets/js/notifications.js:243:20) @ http://localhost/abed-hub/assets/js/notifications.js:62
[  240217ms] [ERROR] Failed to load resource: the server responded with a status of 404 (Not Found) @ http://localhost/api/notifications.php?action=count:0
[  240217ms] [ERROR] Error getting unread count: Error: Failed to fetch count
    at NotificationManager.getUnreadCount (http://localhost/abed-hub/assets/js/notifications.js:56:31)
    at async NotificationManager.pollNotifications (http://localhost/abed-hub/assets/js/notifications.js:243:20) @ http://localhost/abed-hub/assets/js/notifications.js:62
[  270226ms] [ERROR] Failed to load resource: the server responded with a status of 404 (Not Found) @ http://localhost/api/notifications.php?action=count:0
[  270226ms] [ERROR] Error getting unread count: Error: Failed to fetch count
    at NotificationManager.getUnreadCount (http://localhost/abed-hub/assets/js/notifications.js:56:31)
    at async NotificationManager.pollNotifications (http://localhost/abed-hub/assets/js/notifications.js:243:20) @ http://localhost/abed-hub/assets/js/notifications.js:62
[  300249ms] [ERROR] Failed to load resource: the server responded with a status of 404 (Not Found) @ http://localhost/api/notifications.php?action=count:0
[  300249ms] [ERROR] Error getting unread count: Error: Failed to fetch count
    at NotificationManager.getUnreadCount (http://localhost/abed-hub/assets/js/notifications.js:56:31)
    at async NotificationManager.pollNotifications (http://localhost/abed-hub/assets/js/notifications.js:243:20) @ http://localhost/abed-hub/assets/js/notifications.js:62
[  330268ms] [ERROR] Failed to load resource: the server responded with a status of 404 (Not Found) @ http://localhost/api/notifications.php?action=count:0
[  330269ms] [ERROR] Error getting unread count: Error: Failed to fetch count
    at NotificationManager.getUnreadCount (http://localhost/abed-hub/assets/js/notifications.js:56:31)
    at async NotificationManager.pollNotifications (http://localhost/abed-hub/assets/js/notifications.js:243:20) @ http://localhost/abed-hub/assets/js/notifications.js:62
[  360286ms] [ERROR] Failed to load resource: the server responded with a status of 404 (Not Found) @ http://localhost/api/notifications.php?action=count:0
[  360286ms] [ERROR] Error getting unread count: Error: Failed to fetch count
    at NotificationManager.getUnreadCount (http://localhost/abed-hub/assets/js/notifications.js:56:31)
    at async NotificationManager.pollNotifications (http://localhost/abed-hub/assets/js/notifications.js:243:20) @ http://localhost/abed-hub/assets/js/notifications.js:62
[  390303ms] [ERROR] Failed to load resource: the server responded with a status of 404 (Not Found) @ http://localhost/api/notifications.php?action=count:0
[  390303ms] [ERROR] Error getting unread count: Error: Failed to fetch count
    at NotificationManager.getUnreadCount (http://localhost/abed-hub/assets/js/notifications.js:56:31)
    at async NotificationManager.pollNotifications (http://localhost/abed-hub/assets/js/notifications.js:243:20) @ http://localhost/abed-hub/assets/js/notifications.js:62
[  420323ms] [ERROR] Failed to load resource: the server responded with a status of 404 (Not Found) @ http://localhost/api/notifications.php?action=count:0
[  420323ms] [ERROR] Error getting unread count: Error: Failed to fetch count
    at NotificationManager.getUnreadCount (http://localhost/abed-hub/assets/js/notifications.js:56:31)
    at async NotificationManager.pollNotifications (http://localhost/abed-hub/assets/js/notifications.js:243:20) @ http://localhost/abed-hub/assets/js/notifications.js:62
[  450331ms] [ERROR] Failed to load resource: the server responded with a status of 404 (Not Found) @ http://localhost/api/notifications.php?action=count:0
[  450331ms] [ERROR] Error getting unread count: Error: Failed to fetch count
    at NotificationManager.getUnreadCount (http://localhost/abed-hub/assets/js/notifications.js:56:31)
    at async NotificationManager.pollNotifications (http://localhost/abed-hub/assets/js/notifications.js:243:20) @ http://localhost/abed-hub/assets/js/notifications.js:62
[  480338ms] [ERROR] Failed to load resource: the server responded with a status of 404 (Not Found) @ http://localhost/api/notifications.php?action=count:0
[  480338ms] [ERROR] Error getting unread count: Error: Failed to fetch count
    at NotificationManager.getUnreadCount (http://localhost/abed-hub/assets/js/notifications.js:56:31)
    at async NotificationManager.pollNotifications (http://localhost/abed-hub/assets/js/notifications.js:243:20) @ http://localhost/abed-hub/assets/js/notifications.js:62
