[     135ms] [ERROR] Failed to load resource: the server responded with a status of 404 (Not Found) @ http://localhost/api/notifications.php?action=count:0
[     136ms] [ERROR] Error getting unread count: Error: Failed to fetch count
    at NotificationManager.getUnreadCount (http://localhost/abed-hub/assets/js/notifications.js:56:31)
    at async NotificationManager.pollNotifications (http://localhost/abed-hub/assets/js/notifications.js:243:20) @ http://localhost/abed-hub/assets/js/notifications.js:62
[   26551ms] [ERROR] Failed to load resource: the server responded with a status of 404 (Not Found) @ http://localhost/api/notifications.php?action=count:0
[   26551ms] [ERROR] Error getting unread count: Error: Failed to fetch count
    at NotificationManager.getUnreadCount (http://localhost/abed-hub/assets/js/notifications.js:56:31)
    at async NotificationManager.pollNotifications (http://localhost/abed-hub/assets/js/notifications.js:243:20) @ http://localhost/abed-hub/assets/js/notifications.js:62
[   56574ms] [ERROR] Failed to load resource: the server responded with a status of 404 (Not Found) @ http://localhost/api/notifications.php?action=count:0
[   56574ms] [ERROR] Error getting unread count: Error: Failed to fetch count
    at NotificationManager.getUnreadCount (http://localhost/abed-hub/assets/js/notifications.js:56:31)
    at async NotificationManager.pollNotifications (http://localhost/abed-hub/assets/js/notifications.js:243:20) @ http://localhost/abed-hub/assets/js/notifications.js:62
[   86592ms] [ERROR] Failed to load resource: the server responded with a status of 404 (Not Found) @ http://localhost/api/notifications.php?action=count:0
[   86592ms] [ERROR] Error getting unread count: Error: Failed to fetch count
    at NotificationManager.getUnreadCount (http://localhost/abed-hub/assets/js/notifications.js:56:31)
    at async NotificationManager.pollNotifications (http://localhost/abed-hub/assets/js/notifications.js:243:20) @ http://localhost/abed-hub/assets/js/notifications.js:62
[  116607ms] [ERROR] Failed to load resource: the server responded with a status of 404 (Not Found) @ http://localhost/api/notifications.php?action=count:0
[  116607ms] [ERROR] Error getting unread count: Error: Failed to fetch count
    at NotificationManager.getUnreadCount (http://localhost/abed-hub/assets/js/notifications.js:56:31)
    at async NotificationManager.pollNotifications (http://localhost/abed-hub/assets/js/notifications.js:243:20) @ http://localhost/abed-hub/assets/js/notifications.js:62
[  146623ms] [ERROR] Failed to load resource: the server responded with a status of 404 (Not Found) @ http://localhost/api/notifications.php?action=count:0
[  146623ms] [ERROR] Error getting unread count: Error: Failed to fetch count
    at NotificationManager.getUnreadCount (http://localhost/abed-hub/assets/js/notifications.js:56:31)
    at async NotificationManager.pollNotifications (http://localhost/abed-hub/assets/js/notifications.js:243:20) @ http://localhost/abed-hub/assets/js/notifications.js:62
[  176637ms] [ERROR] Failed to load resource: the server responded with a status of 404 (Not Found) @ http://localhost/api/notifications.php?action=count:0
[  176637ms] [ERROR] Error getting unread count: Error: Failed to fetch count
    at NotificationManager.getUnreadCount (http://localhost/abed-hub/assets/js/notifications.js:56:31)
    at async NotificationManager.pollNotifications (http://localhost/abed-hub/assets/js/notifications.js:243:20) @ http://localhost/abed-hub/assets/js/notifications.js:62
[  206646ms] [ERROR] Failed to load resource: the server responded with a status of 404 (Not Found) @ http://localhost/api/notifications.php?action=count:0
[  206646ms] [ERROR] Error getting unread count: Error: Failed to fetch count
    at NotificationManager.getUnreadCount (http://localhost/abed-hub/assets/js/notifications.js:56:31)
    at async NotificationManager.pollNotifications (http://localhost/abed-hub/assets/js/notifications.js:243:20) @ http://localhost/abed-hub/assets/js/notifications.js:62
[  236656ms] [ERROR] Failed to load resource: the server responded with a status of 404 (Not Found) @ http://localhost/api/notifications.php?action=count:0
[  236656ms] [ERROR] Error getting unread count: Error: Failed to fetch count
    at NotificationManager.getUnreadCount (http://localhost/abed-hub/assets/js/notifications.js:56:31)
    at async NotificationManager.pollNotifications (http://localhost/abed-hub/assets/js/notifications.js:243:20) @ http://localhost/abed-hub/assets/js/notifications.js:62
[  266667ms] [ERROR] Failed to load resource: the server responded with a status of 404 (Not Found) @ http://localhost/api/notifications.php?action=count:0
[  266667ms] [ERROR] Error getting unread count: Error: Failed to fetch count
    at NotificationManager.getUnreadCount (http://localhost/abed-hub/assets/js/notifications.js:56:31)
    at async NotificationManager.pollNotifications (http://localhost/abed-hub/assets/js/notifications.js:243:20) @ http://localhost/abed-hub/assets/js/notifications.js:62
[  296686ms] [ERROR] Failed to load resource: the server responded with a status of 404 (Not Found) @ http://localhost/api/notifications.php?action=count:0
[  296686ms] [ERROR] Error getting unread count: Error: Failed to fetch count
    at NotificationManager.getUnreadCount (http://localhost/abed-hub/assets/js/notifications.js:56:31)
    at async NotificationManager.pollNotifications (http://localhost/abed-hub/assets/js/notifications.js:243:20) @ http://localhost/abed-hub/assets/js/notifications.js:62
[  326711ms] [ERROR] Failed to load resource: the server responded with a status of 404 (Not Found) @ http://localhost/api/notifications.php?action=count:0
[  326712ms] [ERROR] Error getting unread count: Error: Failed to fetch count
    at NotificationManager.getUnreadCount (http://localhost/abed-hub/assets/js/notifications.js:56:31)
    at async NotificationManager.pollNotifications (http://localhost/abed-hub/assets/js/notifications.js:243:20) @ http://localhost/abed-hub/assets/js/notifications.js:62
[  356746ms] [ERROR] Failed to load resource: the server responded with a status of 404 (Not Found) @ http://localhost/api/notifications.php?action=count:0
[  356746ms] [ERROR] Error getting unread count: Error: Failed to fetch count
    at NotificationManager.getUnreadCount (http://localhost/abed-hub/assets/js/notifications.js:56:31)
    at async NotificationManager.pollNotifications (http://localhost/abed-hub/assets/js/notifications.js:243:20) @ http://localhost/abed-hub/assets/js/notifications.js:62
[  386760ms] [ERROR] Failed to load resource: the server responded with a status of 404 (Not Found) @ http://localhost/api/notifications.php?action=count:0
[  386760ms] [ERROR] Error getting unread count: Error: Failed to fetch count
    at NotificationManager.getUnreadCount (http://localhost/abed-hub/assets/js/notifications.js:56:31)
    at async NotificationManager.pollNotifications (http://localhost/abed-hub/assets/js/notifications.js:243:20) @ http://localhost/abed-hub/assets/js/notifications.js:62
[  416768ms] [ERROR] Failed to load resource: the server responded with a status of 404 (Not Found) @ http://localhost/api/notifications.php?action=count:0
[  416768ms] [ERROR] Error getting unread count: Error: Failed to fetch count
    at NotificationManager.getUnreadCount (http://localhost/abed-hub/assets/js/notifications.js:56:31)
    at async NotificationManager.pollNotifications (http://localhost/abed-hub/assets/js/notifications.js:243:20) @ http://localhost/abed-hub/assets/js/notifications.js:62
[  446777ms] [ERROR] Failed to load resource: the server responded with a status of 404 (Not Found) @ http://localhost/api/notifications.php?action=count:0
[  446777ms] [ERROR] Error getting unread count: Error: Failed to fetch count
    at NotificationManager.getUnreadCount (http://localhost/abed-hub/assets/js/notifications.js:56:31)
    at async NotificationManager.pollNotifications (http://localhost/abed-hub/assets/js/notifications.js:243:20) @ http://localhost/abed-hub/assets/js/notifications.js:62
[  476785ms] [ERROR] Failed to load resource: the server responded with a status of 404 (Not Found) @ http://localhost/api/notifications.php?action=count:0
[  476785ms] [ERROR] Error getting unread count: Error: Failed to fetch count
    at NotificationManager.getUnreadCount (http://localhost/abed-hub/assets/js/notifications.js:56:31)
    at async NotificationManager.pollNotifications (http://localhost/abed-hub/assets/js/notifications.js:243:20) @ http://localhost/abed-hub/assets/js/notifications.js:62
[  506793ms] [ERROR] Failed to load resource: the server responded with a status of 404 (Not Found) @ http://localhost/api/notifications.php?action=count:0
[  506793ms] [ERROR] Error getting unread count: Error: Failed to fetch count
    at NotificationManager.getUnreadCount (http://localhost/abed-hub/assets/js/notifications.js:56:31)
    at async NotificationManager.pollNotifications (http://localhost/abed-hub/assets/js/notifications.js:243:20) @ http://localhost/abed-hub/assets/js/notifications.js:62
[  536811ms] [ERROR] Failed to load resource: the server responded with a status of 404 (Not Found) @ http://localhost/api/notifications.php?action=count:0
[  536811ms] [ERROR] Error getting unread count: Error: Failed to fetch count
    at NotificationManager.getUnreadCount (http://localhost/abed-hub/assets/js/notifications.js:56:31)
    at async NotificationManager.pollNotifications (http://localhost/abed-hub/assets/js/notifications.js:243:20) @ http://localhost/abed-hub/assets/js/notifications.js:62
[  566820ms] [ERROR] Failed to load resource: the server responded with a status of 404 (Not Found) @ http://localhost/api/notifications.php?action=count:0
[  566820ms] [ERROR] Error getting unread count: Error: Failed to fetch count
    at NotificationManager.getUnreadCount (http://localhost/abed-hub/assets/js/notifications.js:56:31)
    at async NotificationManager.pollNotifications (http://localhost/abed-hub/assets/js/notifications.js:243:20) @ http://localhost/abed-hub/assets/js/notifications.js:62
[  596829ms] [ERROR] Failed to load resource: the server responded with a status of 404 (Not Found) @ http://localhost/api/notifications.php?action=count:0
[  596830ms] [ERROR] Error getting unread count: Error: Failed to fetch count
    at NotificationManager.getUnreadCount (http://localhost/abed-hub/assets/js/notifications.js:56:31)
    at async NotificationManager.pollNotifications (http://localhost/abed-hub/assets/js/notifications.js:243:20) @ http://localhost/abed-hub/assets/js/notifications.js:62
[  626848ms] [ERROR] Failed to load resource: the server responded with a status of 404 (Not Found) @ http://localhost/api/notifications.php?action=count:0
[  626848ms] [ERROR] Error getting unread count: Error: Failed to fetch count
    at NotificationManager.getUnreadCount (http://localhost/abed-hub/assets/js/notifications.js:56:31)
    at async NotificationManager.pollNotifications (http://localhost/abed-hub/assets/js/notifications.js:243:20) @ http://localhost/abed-hub/assets/js/notifications.js:62
[  656863ms] [ERROR] Failed to load resource: the server responded with a status of 404 (Not Found) @ http://localhost/api/notifications.php?action=count:0
[  656863ms] [ERROR] Error getting unread count: Error: Failed to fetch count
    at NotificationManager.getUnreadCount (http://localhost/abed-hub/assets/js/notifications.js:56:31)
    at async NotificationManager.pollNotifications (http://localhost/abed-hub/assets/js/notifications.js:243:20) @ http://localhost/abed-hub/assets/js/notifications.js:62
[  686880ms] [ERROR] Failed to load resource: the server responded with a status of 404 (Not Found) @ http://localhost/api/notifications.php?action=count:0
[  686880ms] [ERROR] Error getting unread count: Error: Failed to fetch count
    at NotificationManager.getUnreadCount (http://localhost/abed-hub/assets/js/notifications.js:56:31)
    at async NotificationManager.pollNotifications (http://localhost/abed-hub/assets/js/notifications.js:243:20) @ http://localhost/abed-hub/assets/js/notifications.js:62
[  716892ms] [ERROR] Failed to load resource: the server responded with a status of 404 (Not Found) @ http://localhost/api/notifications.php?action=count:0
[  716892ms] [ERROR] Error getting unread count: Error: Failed to fetch count
    at NotificationManager.getUnreadCount (http://localhost/abed-hub/assets/js/notifications.js:56:31)
    at async NotificationManager.pollNotifications (http://localhost/abed-hub/assets/js/notifications.js:243:20) @ http://localhost/abed-hub/assets/js/notifications.js:62
[  746908ms] [ERROR] Failed to load resource: the server responded with a status of 404 (Not Found) @ http://localhost/api/notifications.php?action=count:0
[  746908ms] [ERROR] Error getting unread count: Error: Failed to fetch count
    at NotificationManager.getUnreadCount (http://localhost/abed-hub/assets/js/notifications.js:56:31)
    at async NotificationManager.pollNotifications (http://localhost/abed-hub/assets/js/notifications.js:243:20) @ http://localhost/abed-hub/assets/js/notifications.js:62
[  776919ms] [ERROR] Failed to load resource: the server responded with a status of 404 (Not Found) @ http://localhost/api/notifications.php?action=count:0
[  776919ms] [ERROR] Error getting unread count: Error: Failed to fetch count
    at NotificationManager.getUnreadCount (http://localhost/abed-hub/assets/js/notifications.js:56:31)
    at async NotificationManager.pollNotifications (http://localhost/abed-hub/assets/js/notifications.js:243:20) @ http://localhost/abed-hub/assets/js/notifications.js:62
[  806934ms] [ERROR] Failed to load resource: the server responded with a status of 404 (Not Found) @ http://localhost/api/notifications.php?action=count:0
[  806934ms] [ERROR] Error getting unread count: Error: Failed to fetch count
    at NotificationManager.getUnreadCount (http://localhost/abed-hub/assets/js/notifications.js:56:31)
    at async NotificationManager.pollNotifications (http://localhost/abed-hub/assets/js/notifications.js:243:20) @ http://localhost/abed-hub/assets/js/notifications.js:62
[  836952ms] [ERROR] Failed to load resource: the server responded with a status of 404 (Not Found) @ http://localhost/api/notifications.php?action=count:0
[  836952ms] [ERROR] Error getting unread count: Error: Failed to fetch count
    at NotificationManager.getUnreadCount (http://localhost/abed-hub/assets/js/notifications.js:56:31)
    at async NotificationManager.pollNotifications (http://localhost/abed-hub/assets/js/notifications.js:243:20) @ http://localhost/abed-hub/assets/js/notifications.js:62
[  866967ms] [ERROR] Failed to load resource: the server responded with a status of 404 (Not Found) @ http://localhost/api/notifications.php?action=count:0
[  866967ms] [ERROR] Error getting unread count: Error: Failed to fetch count
    at NotificationManager.getUnreadCount (http://localhost/abed-hub/assets/js/notifications.js:56:31)
    at async NotificationManager.pollNotifications (http://localhost/abed-hub/assets/js/notifications.js:243:20) @ http://localhost/abed-hub/assets/js/notifications.js:62
[  896990ms] [ERROR] Failed to load resource: the server responded with a status of 404 (Not Found) @ http://localhost/api/notifications.php?action=count:0
[  896990ms] [ERROR] Error getting unread count: Error: Failed to fetch count
    at NotificationManager.getUnreadCount (http://localhost/abed-hub/assets/js/notifications.js:56:31)
    at async NotificationManager.pollNotifications (http://localhost/abed-hub/assets/js/notifications.js:243:20) @ http://localhost/abed-hub/assets/js/notifications.js:62
[  927008ms] [ERROR] Failed to load resource: the server responded with a status of 404 (Not Found) @ http://localhost/api/notifications.php?action=count:0
[  927009ms] [ERROR] Error getting unread count: Error: Failed to fetch count
    at NotificationManager.getUnreadCount (http://localhost/abed-hub/assets/js/notifications.js:56:31)
    at async NotificationManager.pollNotifications (http://localhost/abed-hub/assets/js/notifications.js:243:20) @ http://localhost/abed-hub/assets/js/notifications.js:62
[  957022ms] [ERROR] Failed to load resource: the server responded with a status of 404 (Not Found) @ http://localhost/api/notifications.php?action=count:0
[  957023ms] [ERROR] Error getting unread count: Error: Failed to fetch count
    at NotificationManager.getUnreadCount (http://localhost/abed-hub/assets/js/notifications.js:56:31)
    at async NotificationManager.pollNotifications (http://localhost/abed-hub/assets/js/notifications.js:243:20) @ http://localhost/abed-hub/assets/js/notifications.js:62
[  987182ms] [ERROR] Failed to load resource: the server responded with a status of 404 (Not Found) @ http://localhost/api/notifications.php?action=count:0
[  987192ms] [ERROR] Error getting unread count: Error: Failed to fetch count
    at NotificationManager.getUnreadCount (http://localhost/abed-hub/assets/js/notifications.js:56:31)
    at async NotificationManager.pollNotifications (http://localhost/abed-hub/assets/js/notifications.js:243:20) @ http://localhost/abed-hub/assets/js/notifications.js:62
[ 1012477ms] [ERROR] Failed to load resource: the server responded with a status of 404 (Not Found) @ http://localhost/api/notifications.php?action=count:0
[ 1012477ms] [ERROR] Error getting unread count: Error: Failed to fetch count
    at NotificationManager.getUnreadCount (http://localhost/abed-hub/assets/js/notifications.js:56:31)
    at async NotificationManager.pollNotifications (http://localhost/abed-hub/assets/js/notifications.js:243:20) @ http://localhost/abed-hub/assets/js/notifications.js:62
[ 1013263ms] [ERROR] Failed to load resource: the server responded with a status of 404 (Not Found) @ http://localhost/api/notifications.php?action=count:0
[ 1013263ms] [ERROR] Error getting unread count: Error: Failed to fetch count
    at NotificationManager.getUnreadCount (http://localhost/abed-hub/assets/js/notifications.js:56:31)
    at async NotificationManager.pollNotifications (http://localhost/abed-hub/assets/js/notifications.js:243:20) @ http://localhost/abed-hub/assets/js/notifications.js:62
[ 1016099ms] [ERROR] Failed to load resource: the server responded with a status of 404 (Not Found) @ http://localhost/api/notifications.php?action=count:0
[ 1016099ms] [ERROR] Error getting unread count: Error: Failed to fetch count
    at NotificationManager.getUnreadCount (http://localhost/abed-hub/assets/js/notifications.js:56:31)
    at async NotificationManager.pollNotifications (http://localhost/abed-hub/assets/js/notifications.js:243:20) @ http://localhost/abed-hub/assets/js/notifications.js:62
[ 1016997ms] [VERBOSE] [DOM] Password field is not contained in a form: (More info: https://goo.gl/9p2vKq) %o @ http://localhost/abed-hub/projects-advanced.php:0
[ 1017005ms] [ERROR] Failed to load resource: the server responded with a status of 404 (Not Found) @ http://localhost/api/notifications.php?action=count:0
[ 1017005ms] [ERROR] Error getting unread count: Error: Failed to fetch count
    at NotificationManager.getUnreadCount (http://localhost/abed-hub/assets/js/notifications.js:56:31)
    at async NotificationManager.pollNotifications (http://localhost/abed-hub/assets/js/notifications.js:243:20) @ http://localhost/abed-hub/assets/js/notifications.js:62
[ 1047020ms] [ERROR] Failed to load resource: the server responded with a status of 404 (Not Found) @ http://localhost/api/notifications.php?action=count:0
[ 1047020ms] [ERROR] Error getting unread count: Error: Failed to fetch count
    at NotificationManager.getUnreadCount (http://localhost/abed-hub/assets/js/notifications.js:56:31)
    at async NotificationManager.pollNotifications (http://localhost/abed-hub/assets/js/notifications.js:243:20) @ http://localhost/abed-hub/assets/js/notifications.js:62
[ 1055213ms] [ERROR] Failed to load resource: the server responded with a status of 404 (Not Found) @ http://localhost/api/notifications.php?action=count:0
[ 1055213ms] [ERROR] Error getting unread count: Error: Failed to fetch count
    at NotificationManager.getUnreadCount (http://localhost/abed-hub/assets/js/notifications.js:56:31)
    at async NotificationManager.pollNotifications (http://localhost/abed-hub/assets/js/notifications.js:243:20) @ http://localhost/abed-hub/assets/js/notifications.js:62
[ 1056438ms] [ERROR] Failed to load resource: the server responded with a status of 404 (Not Found) @ http://localhost/api/notifications.php?action=count:0
[ 1056438ms] [ERROR] Error getting unread count: Error: Failed to fetch count
    at NotificationManager.getUnreadCount (http://localhost/abed-hub/assets/js/notifications.js:56:31)
    at async NotificationManager.pollNotifications (http://localhost/abed-hub/assets/js/notifications.js:243:20) @ http://localhost/abed-hub/assets/js/notifications.js:62
[ 1057010ms] [ERROR] Failed to load resource: the server responded with a status of 404 (Not Found) @ http://localhost/api/notifications.php?action=count:0
[ 1057011ms] [ERROR] Error getting unread count: Error: Failed to fetch count
    at NotificationManager.getUnreadCount (http://localhost/abed-hub/assets/js/notifications.js:56:31)
    at async NotificationManager.pollNotifications (http://localhost/abed-hub/assets/js/notifications.js:243:20) @ http://localhost/abed-hub/assets/js/notifications.js:62
[ 1057238ms] [VERBOSE] [DOM] Password field is not contained in a form: (More info: https://goo.gl/9p2vKq) %o @ http://localhost/abed-hub/projects-advanced.php:0
[ 1057244ms] [ERROR] Failed to load resource: the server responded with a status of 404 (Not Found) @ http://localhost/api/notifications.php?action=count:0
[ 1057244ms] [ERROR] Error getting unread count: Error: Failed to fetch count
    at NotificationManager.getUnreadCount (http://localhost/abed-hub/assets/js/notifications.js:56:31)
    at async NotificationManager.pollNotifications (http://localhost/abed-hub/assets/js/notifications.js:243:20) @ http://localhost/abed-hub/assets/js/notifications.js:62
[ 1058336ms] [VERBOSE] [DOM] Password field is not contained in a form: (More info: https://goo.gl/9p2vKq) %o @ http://localhost/abed-hub/projects-advanced.php?type=idp&search=&stage=&year=2026:0
[ 1058340ms] [ERROR] Failed to load resource: the server responded with a status of 404 (Not Found) @ http://localhost/api/notifications.php?action=count:0
[ 1058340ms] [ERROR] Error getting unread count: Error: Failed to fetch count
    at NotificationManager.getUnreadCount (http://localhost/abed-hub/assets/js/notifications.js:56:31)
    at async NotificationManager.pollNotifications (http://localhost/abed-hub/assets/js/notifications.js:243:20) @ http://localhost/abed-hub/assets/js/notifications.js:62
[ 1059548ms] [ERROR] Failed to load resource: the server responded with a status of 404 (Not Found) @ http://localhost/api/notifications.php?action=count:0
[ 1059548ms] [ERROR] Error getting unread count: Error: Failed to fetch count
    at NotificationManager.getUnreadCount (http://localhost/abed-hub/assets/js/notifications.js:56:31)
    at async NotificationManager.pollNotifications (http://localhost/abed-hub/assets/js/notifications.js:243:20) @ http://localhost/abed-hub/assets/js/notifications.js:62
[ 1089563ms] [ERROR] Failed to load resource: the server responded with a status of 404 (Not Found) @ http://localhost/api/notifications.php?action=count:0
[ 1089564ms] [ERROR] Error getting unread count: Error: Failed to fetch count
    at NotificationManager.getUnreadCount (http://localhost/abed-hub/assets/js/notifications.js:56:31)
    at async NotificationManager.pollNotifications (http://localhost/abed-hub/assets/js/notifications.js:243:20) @ http://localhost/abed-hub/assets/js/notifications.js:62
[ 1092253ms] [ERROR] Failed to load resource: the server responded with a status of 404 (Not Found) @ http://localhost/api/notifications.php?action=count:0
[ 1092254ms] [ERROR] Error getting unread count: Error: Failed to fetch count
    at NotificationManager.getUnreadCount (http://localhost/abed-hub/assets/js/notifications.js:56:31)
    at async NotificationManager.pollNotifications (http://localhost/abed-hub/assets/js/notifications.js:243:20) @ http://localhost/abed-hub/assets/js/notifications.js:62
[ 1095464ms] [ERROR] Failed to load resource: the server responded with a status of 404 (Not Found) @ http://localhost/api/notifications.php?action=count:0
[ 1095464ms] [ERROR] Error getting unread count: Error: Failed to fetch count
    at NotificationManager.getUnreadCount (http://localhost/abed-hub/assets/js/notifications.js:56:31)
    at async NotificationManager.pollNotifications (http://localhost/abed-hub/assets/js/notifications.js:243:20) @ http://localhost/abed-hub/assets/js/notifications.js:62
[ 1095905ms] [ERROR] Failed to load resource: the server responded with a status of 404 (Not Found) @ http://localhost/api/notifications.php?action=count:0
[ 1095905ms] [ERROR] Error getting unread count: Error: Failed to fetch count
    at NotificationManager.getUnreadCount (http://localhost/abed-hub/assets/js/notifications.js:56:31)
    at async NotificationManager.pollNotifications (http://localhost/abed-hub/assets/js/notifications.js:243:20) @ http://localhost/abed-hub/assets/js/notifications.js:62
[ 1096344ms] [VERBOSE] [DOM] Password field is not contained in a form: (More info: https://goo.gl/9p2vKq) %o @ http://localhost/abed-hub/projects-advanced.php:0
[ 1096353ms] [ERROR] Failed to load resource: the server responded with a status of 404 (Not Found) @ http://localhost/api/notifications.php?action=count:0
[ 1096353ms] [ERROR] Error getting unread count: Error: Failed to fetch count
    at NotificationManager.getUnreadCount (http://localhost/abed-hub/assets/js/notifications.js:56:31)
    at async NotificationManager.pollNotifications (http://localhost/abed-hub/assets/js/notifications.js:243:20) @ http://localhost/abed-hub/assets/js/notifications.js:62
[ 1099037ms] [ERROR] Failed to load resource: the server responded with a status of 404 (Not Found) @ http://localhost/api/notifications.php?action=count:0
[ 1099037ms] [ERROR] Error getting unread count: Error: Failed to fetch count
    at NotificationManager.getUnreadCount (http://localhost/abed-hub/assets/js/notifications.js:56:31)
    at async NotificationManager.pollNotifications (http://localhost/abed-hub/assets/js/notifications.js:243:20) @ http://localhost/abed-hub/assets/js/notifications.js:62
[ 1129045ms] [ERROR] Failed to load resource: the server responded with a status of 404 (Not Found) @ http://localhost/api/notifications.php?action=count:0
[ 1129045ms] [ERROR] Error getting unread count: Error: Failed to fetch count
    at NotificationManager.getUnreadCount (http://localhost/abed-hub/assets/js/notifications.js:56:31)
    at async NotificationManager.pollNotifications (http://localhost/abed-hub/assets/js/notifications.js:243:20) @ http://localhost/abed-hub/assets/js/notifications.js:62
[ 1139645ms] [ERROR] Failed to load resource: the server responded with a status of 404 (Not Found) @ http://localhost/api/notifications.php?action=count:0
[ 1139645ms] [ERROR] Error getting unread count: Error: Failed to fetch count
    at NotificationManager.getUnreadCount (http://localhost/abed-hub/assets/js/notifications.js:56:31)
    at async NotificationManager.pollNotifications (http://localhost/abed-hub/assets/js/notifications.js:243:20) @ http://localhost/abed-hub/assets/js/notifications.js:62
[ 1147546ms] [ERROR] Failed to load resource: the server responded with a status of 404 (Not Found) @ http://localhost/api/notifications.php?action=count:0
[ 1147547ms] [ERROR] Error getting unread count: Error: Failed to fetch count
    at NotificationManager.getUnreadCount (http://localhost/abed-hub/assets/js/notifications.js:56:31)
    at async NotificationManager.pollNotifications (http://localhost/abed-hub/assets/js/notifications.js:243:20) @ http://localhost/abed-hub/assets/js/notifications.js:62
[ 1148256ms] [ERROR] Failed to load resource: the server responded with a status of 404 (Not Found) @ http://localhost/api/notifications.php?action=count:0
[ 1148256ms] [ERROR] Error getting unread count: Error: Failed to fetch count
    at NotificationManager.getUnreadCount (http://localhost/abed-hub/assets/js/notifications.js:56:31)
    at async NotificationManager.pollNotifications (http://localhost/abed-hub/assets/js/notifications.js:243:20) @ http://localhost/abed-hub/assets/js/notifications.js:62
[ 1162091ms] [ERROR] Failed to load resource: the server responded with a status of 404 (Not Found) @ http://localhost/api/notifications.php?action=count:0
[ 1162091ms] [ERROR] Error getting unread count: Error: Failed to fetch count
    at NotificationManager.getUnreadCount (http://localhost/abed-hub/assets/js/notifications.js:56:31)
    at async NotificationManager.pollNotifications (http://localhost/abed-hub/assets/js/notifications.js:243:20) @ http://localhost/abed-hub/assets/js/notifications.js:62
[ 1162872ms] [ERROR] Failed to load resource: the server responded with a status of 404 (Not Found) @ http://localhost/api/notifications.php?action=count:0
[ 1162872ms] [ERROR] Error getting unread count: Error: Failed to fetch count
    at NotificationManager.getUnreadCount (http://localhost/abed-hub/assets/js/notifications.js:56:31)
    at async NotificationManager.pollNotifications (http://localhost/abed-hub/assets/js/notifications.js:243:20) @ http://localhost/abed-hub/assets/js/notifications.js:62
[ 1163576ms] [ERROR] Failed to load resource: the server responded with a status of 404 (Not Found) @ http://localhost/api/notifications.php?action=count:0
[ 1163576ms] [ERROR] Error getting unread count: Error: Failed to fetch count
    at NotificationManager.getUnreadCount (http://localhost/abed-hub/assets/js/notifications.js:56:31)
    at async NotificationManager.pollNotifications (http://localhost/abed-hub/assets/js/notifications.js:243:20) @ http://localhost/abed-hub/assets/js/notifications.js:62
[ 1172795ms] [ERROR] Failed to load resource: the server responded with a status of 404 (Not Found) @ http://localhost/api/notifications.php?action=count:0
[ 1172796ms] [ERROR] Error getting unread count: Error: Failed to fetch count
    at NotificationManager.getUnreadCount (http://localhost/abed-hub/assets/js/notifications.js:56:31)
    at async NotificationManager.pollNotifications (http://localhost/abed-hub/assets/js/notifications.js:243:20) @ http://localhost/abed-hub/assets/js/notifications.js:62
[ 1187959ms] [VERBOSE] [DOM] Password field is not contained in a form: (More info: https://goo.gl/9p2vKq) %o @ http://localhost/abed-hub/projects-advanced.php:0
[ 1187963ms] [ERROR] Failed to load resource: the server responded with a status of 404 (Not Found) @ http://localhost/api/notifications.php?action=count:0
[ 1187963ms] [ERROR] Error getting unread count: Error: Failed to fetch count
    at NotificationManager.getUnreadCount (http://localhost/abed-hub/assets/js/notifications.js:56:31)
    at async NotificationManager.pollNotifications (http://localhost/abed-hub/assets/js/notifications.js:243:20) @ http://localhost/abed-hub/assets/js/notifications.js:62
[ 1191727ms] [ERROR] Failed to load resource: the server responded with a status of 404 (Not Found) @ http://localhost/api/notifications.php?action=count:0
[ 1191728ms] [ERROR] Error getting unread count: Error: Failed to fetch count
    at NotificationManager.getUnreadCount (http://localhost/abed-hub/assets/js/notifications.js:56:31)
    at async NotificationManager.pollNotifications (http://localhost/abed-hub/assets/js/notifications.js:243:20) @ http://localhost/abed-hub/assets/js/notifications.js:62
[ 1195158ms] [ERROR] Failed to load resource: the server responded with a status of 404 (Not Found) @ http://localhost/api/notifications.php?action=count:0
[ 1195159ms] [ERROR] Error getting unread count: Error: Failed to fetch count
    at NotificationManager.getUnreadCount (http://localhost/abed-hub/assets/js/notifications.js:56:31)
    at async NotificationManager.pollNotifications (http://localhost/abed-hub/assets/js/notifications.js:243:20) @ http://localhost/abed-hub/assets/js/notifications.js:62
[ 1197956ms] [VERBOSE] [DOM] Input elements should have autocomplete attributes (suggested: "current-password"): (More info: https://goo.gl/9p2vKq) %o @ http://localhost/abed-hub/login.php:0
[ 1221390ms] [ERROR] Failed to load resource: the server responded with a status of 404 (Not Found) @ http://localhost/api/notifications.php?action=count:0
[ 1221390ms] [ERROR] Error getting unread count: Error: Failed to fetch count
    at NotificationManager.getUnreadCount (http://localhost/abed-hub/assets/js/notifications.js:56:31)
    at async NotificationManager.pollNotifications (http://localhost/abed-hub/assets/js/notifications.js:243:20) @ http://localhost/abed-hub/assets/js/notifications.js:62
[ 1237180ms] [VERBOSE] [DOM] Password field is not contained in a form: (More info: https://goo.gl/9p2vKq) %o @ http://localhost/abed-hub/projects-advanced.php:0
[ 1237185ms] [ERROR] Failed to load resource: the server responded with a status of 404 (Not Found) @ http://localhost/api/notifications.php?action=count:0
[ 1237186ms] [ERROR] Error getting unread count: Error: Failed to fetch count
    at NotificationManager.getUnreadCount (http://localhost/abed-hub/assets/js/notifications.js:56:31)
    at async NotificationManager.pollNotifications (http://localhost/abed-hub/assets/js/notifications.js:243:20) @ http://localhost/abed-hub/assets/js/notifications.js:62
[ 1238107ms] [ERROR] Failed to load resource: the server responded with a status of 404 (Not Found) @ http://localhost/api/notifications.php?action=count:0
[ 1238107ms] [ERROR] Error getting unread count: Error: Failed to fetch count
    at NotificationManager.getUnreadCount (http://localhost/abed-hub/assets/js/notifications.js:56:31)
    at async NotificationManager.pollNotifications (http://localhost/abed-hub/assets/js/notifications.js:243:20) @ http://localhost/abed-hub/assets/js/notifications.js:62
[ 1244608ms] [ERROR] Failed to load resource: the server responded with a status of 404 (Not Found) @ http://localhost/api/notifications.php?action=count:0
[ 1244608ms] [ERROR] Error getting unread count: Error: Failed to fetch count
    at NotificationManager.getUnreadCount (http://localhost/abed-hub/assets/js/notifications.js:56:31)
    at async NotificationManager.pollNotifications (http://localhost/abed-hub/assets/js/notifications.js:243:20) @ http://localhost/abed-hub/assets/js/notifications.js:62
[ 1262340ms] [ERROR] Failed to load resource: the server responded with a status of 404 (Not Found) @ http://localhost/api/notifications.php?action=count:0
[ 1262340ms] [ERROR] Error getting unread count: Error: Failed to fetch count
    at NotificationManager.getUnreadCount (http://localhost/abed-hub/assets/js/notifications.js:56:31)
    at async NotificationManager.pollNotifications (http://localhost/abed-hub/assets/js/notifications.js:243:20) @ http://localhost/abed-hub/assets/js/notifications.js:62
[ 1263783ms] [ERROR] Failed to load resource: the server responded with a status of 404 (Not Found) @ http://localhost/api/notifications.php?action=count:0
[ 1263783ms] [ERROR] Error getting unread count: Error: Failed to fetch count
    at NotificationManager.getUnreadCount (http://localhost/abed-hub/assets/js/notifications.js:56:31)
    at async NotificationManager.pollNotifications (http://localhost/abed-hub/assets/js/notifications.js:243:20) @ http://localhost/abed-hub/assets/js/notifications.js:62
[ 1265718ms] [ERROR] Failed to load resource: the server responded with a status of 404 (Not Found) @ http://localhost/api/notifications.php?action=count:0
[ 1265719ms] [ERROR] Error getting unread count: Error: Failed to fetch count
    at NotificationManager.getUnreadCount (http://localhost/abed-hub/assets/js/notifications.js:56:31)
    at async NotificationManager.pollNotifications (http://localhost/abed-hub/assets/js/notifications.js:243:20) @ http://localhost/abed-hub/assets/js/notifications.js:62
[ 1295726ms] [ERROR] Failed to load resource: the server responded with a status of 404 (Not Found) @ http://localhost/api/notifications.php?action=count:0
[ 1295727ms] [ERROR] Error getting unread count: Error: Failed to fetch count
    at NotificationManager.getUnreadCount (http://localhost/abed-hub/assets/js/notifications.js:56:31)
    at async NotificationManager.pollNotifications (http://localhost/abed-hub/assets/js/notifications.js:243:20) @ http://localhost/abed-hub/assets/js/notifications.js:62
[ 1296325ms] [ERROR] Failed to load resource: the server responded with a status of 404 (Not Found) @ http://localhost/api/notifications.php?action=count:0
[ 1296325ms] [ERROR] Error getting unread count: Error: Failed to fetch count
    at NotificationManager.getUnreadCount (http://localhost/abed-hub/assets/js/notifications.js:56:31)
    at async NotificationManager.pollNotifications (http://localhost/abed-hub/assets/js/notifications.js:243:20) @ http://localhost/abed-hub/assets/js/notifications.js:62
[ 1299072ms] [ERROR] Failed to load resource: the server responded with a status of 404 (Not Found) @ http://localhost/api/notifications.php?action=count:0
[ 1299072ms] [ERROR] Error getting unread count: Error: Failed to fetch count
    at NotificationManager.getUnreadCount (http://localhost/abed-hub/assets/js/notifications.js:56:31)
    at async NotificationManager.pollNotifications (http://localhost/abed-hub/assets/js/notifications.js:243:20) @ http://localhost/abed-hub/assets/js/notifications.js:62
[ 1329076ms] [ERROR] Failed to load resource: the server responded with a status of 404 (Not Found) @ http://localhost/api/notifications.php?action=count:0
[ 1329076ms] [ERROR] Error getting unread count: Error: Failed to fetch count
    at NotificationManager.getUnreadCount (http://localhost/abed-hub/assets/js/notifications.js:56:31)
    at async NotificationManager.pollNotifications (http://localhost/abed-hub/assets/js/notifications.js:243:20) @ http://localhost/abed-hub/assets/js/notifications.js:62
[ 1356719ms] [ERROR] Failed to load resource: the server responded with a status of 404 (Not Found) @ http://localhost/api/notifications.php?action=count:0
[ 1356719ms] [ERROR] Error getting unread count: Error: Failed to fetch count
    at NotificationManager.getUnreadCount (http://localhost/abed-hub/assets/js/notifications.js:56:31)
    at async NotificationManager.pollNotifications (http://localhost/abed-hub/assets/js/notifications.js:243:20) @ http://localhost/abed-hub/assets/js/notifications.js:62
[ 1367550ms] [ERROR] Failed to load resource: the server responded with a status of 404 (Not Found) @ http://localhost/api/notifications.php?action=count:0
[ 1367552ms] [ERROR] Error getting unread count: Error: Failed to fetch count
    at NotificationManager.getUnreadCount (http://localhost/abed-hub/assets/js/notifications.js:56:31)
    at async NotificationManager.pollNotifications (http://localhost/abed-hub/assets/js/notifications.js:243:20) @ http://localhost/abed-hub/assets/js/notifications.js:62
[ 1397568ms] [ERROR] Failed to load resource: the server responded with a status of 404 (Not Found) @ http://localhost/api/notifications.php?action=count:0
[ 1397568ms] [ERROR] Error getting unread count: Error: Failed to fetch count
    at NotificationManager.getUnreadCount (http://localhost/abed-hub/assets/js/notifications.js:56:31)
    at async NotificationManager.pollNotifications (http://localhost/abed-hub/assets/js/notifications.js:243:20) @ http://localhost/abed-hub/assets/js/notifications.js:62
[ 1417028ms] [ERROR] Failed to load resource: the server responded with a status of 404 (Not Found) @ http://localhost/api/notifications.php?action=count:0
[ 1417028ms] [ERROR] Error getting unread count: Error: Failed to fetch count
    at NotificationManager.getUnreadCount (http://localhost/abed-hub/assets/js/notifications.js:56:31)
    at async NotificationManager.pollNotifications (http://localhost/abed-hub/assets/js/notifications.js:243:20) @ http://localhost/abed-hub/assets/js/notifications.js:62
[ 1447041ms] [ERROR] Failed to load resource: the server responded with a status of 404 (Not Found) @ http://localhost/api/notifications.php?action=count:0
[ 1447042ms] [ERROR] Error getting unread count: Error: Failed to fetch count
    at NotificationManager.getUnreadCount (http://localhost/abed-hub/assets/js/notifications.js:56:31)
    at async NotificationManager.pollNotifications (http://localhost/abed-hub/assets/js/notifications.js:243:20) @ http://localhost/abed-hub/assets/js/notifications.js:62
[ 1464869ms] [VERBOSE] [DOM] Password field is not contained in a form: (More info: https://goo.gl/9p2vKq) %o @ http://localhost/abed-hub/projects-advanced.php:0
[ 1464876ms] [ERROR] Failed to load resource: the server responded with a status of 404 (Not Found) @ http://localhost/api/notifications.php?action=count:0
[ 1464876ms] [ERROR] Error getting unread count: Error: Failed to fetch count
    at NotificationManager.getUnreadCount (http://localhost/abed-hub/assets/js/notifications.js:56:31)
    at async NotificationManager.pollNotifications (http://localhost/abed-hub/assets/js/notifications.js:243:20) @ http://localhost/abed-hub/assets/js/notifications.js:62
[ 1465816ms] [ERROR] Failed to load resource: the server responded with a status of 404 (Not Found) @ http://localhost/api/notifications.php?action=count:0
[ 1465816ms] [ERROR] Error getting unread count: Error: Failed to fetch count
    at NotificationManager.getUnreadCount (http://localhost/abed-hub/assets/js/notifications.js:56:31)
    at async NotificationManager.pollNotifications (http://localhost/abed-hub/assets/js/notifications.js:243:20) @ http://localhost/abed-hub/assets/js/notifications.js:62
[ 1474563ms] [ERROR] Failed to load resource: the server responded with a status of 404 (Not Found) @ http://localhost/api/notifications.php?action=count:0
[ 1474564ms] [ERROR] Error getting unread count: Error: Failed to fetch count
    at NotificationManager.getUnreadCount (http://localhost/abed-hub/assets/js/notifications.js:56:31)
    at async NotificationManager.pollNotifications (http://localhost/abed-hub/assets/js/notifications.js:243:20) @ http://localhost/abed-hub/assets/js/notifications.js:62
[ 1480476ms] [ERROR] Failed to load resource: the server responded with a status of 404 (Not Found) @ http://localhost/api/notifications.php?action=count:0
[ 1480477ms] [ERROR] Error getting unread count: Error: Failed to fetch count
    at NotificationManager.getUnreadCount (http://localhost/abed-hub/assets/js/notifications.js:56:31)
    at async NotificationManager.pollNotifications (http://localhost/abed-hub/assets/js/notifications.js:243:20) @ http://localhost/abed-hub/assets/js/notifications.js:62
[ 1496521ms] [VERBOSE] [DOM] Password field is not contained in a form: (More info: https://goo.gl/9p2vKq) %o @ http://localhost/abed-hub/projects-advanced.php:0
[ 1496529ms] [ERROR] Failed to load resource: the server responded with a status of 404 (Not Found) @ http://localhost/api/notifications.php?action=count:0
[ 1496529ms] [ERROR] Error getting unread count: Error: Failed to fetch count
    at NotificationManager.getUnreadCount (http://localhost/abed-hub/assets/js/notifications.js:56:31)
    at async NotificationManager.pollNotifications (http://localhost/abed-hub/assets/js/notifications.js:243:20) @ http://localhost/abed-hub/assets/js/notifications.js:62
[ 1497552ms] [ERROR] Failed to load resource: the server responded with a status of 404 (Not Found) @ http://localhost/api/notifications.php?action=count:0
[ 1497552ms] [ERROR] Error getting unread count: Error: Failed to fetch count
    at NotificationManager.getUnreadCount (http://localhost/abed-hub/assets/js/notifications.js:56:31)
    at async NotificationManager.pollNotifications (http://localhost/abed-hub/assets/js/notifications.js:243:20) @ http://localhost/abed-hub/assets/js/notifications.js:62
[ 1527563ms] [ERROR] Failed to load resource: the server responded with a status of 404 (Not Found) @ http://localhost/api/notifications.php?action=count:0
[ 1527563ms] [ERROR] Error getting unread count: Error: Failed to fetch count
    at NotificationManager.getUnreadCount (http://localhost/abed-hub/assets/js/notifications.js:56:31)
    at async NotificationManager.pollNotifications (http://localhost/abed-hub/assets/js/notifications.js:243:20) @ http://localhost/abed-hub/assets/js/notifications.js:62
[ 1557573ms] [ERROR] Failed to load resource: the server responded with a status of 404 (Not Found) @ http://localhost/api/notifications.php?action=count:0
[ 1557573ms] [ERROR] Error getting unread count: Error: Failed to fetch count
    at NotificationManager.getUnreadCount (http://localhost/abed-hub/assets/js/notifications.js:56:31)
    at async NotificationManager.pollNotifications (http://localhost/abed-hub/assets/js/notifications.js:243:20) @ http://localhost/abed-hub/assets/js/notifications.js:62
[ 1587595ms] [ERROR] Failed to load resource: the server responded with a status of 404 (Not Found) @ http://localhost/api/notifications.php?action=count:0
[ 1587595ms] [ERROR] Error getting unread count: Error: Failed to fetch count
    at NotificationManager.getUnreadCount (http://localhost/abed-hub/assets/js/notifications.js:56:31)
    at async NotificationManager.pollNotifications (http://localhost/abed-hub/assets/js/notifications.js:243:20) @ http://localhost/abed-hub/assets/js/notifications.js:62
[ 1617608ms] [ERROR] Failed to load resource: the server responded with a status of 404 (Not Found) @ http://localhost/api/notifications.php?action=count:0
[ 1617608ms] [ERROR] Error getting unread count: Error: Failed to fetch count
    at NotificationManager.getUnreadCount (http://localhost/abed-hub/assets/js/notifications.js:56:31)
    at async NotificationManager.pollNotifications (http://localhost/abed-hub/assets/js/notifications.js:243:20) @ http://localhost/abed-hub/assets/js/notifications.js:62
[ 1647618ms] [ERROR] Failed to load resource: the server responded with a status of 404 (Not Found) @ http://localhost/api/notifications.php?action=count:0
[ 1647618ms] [ERROR] Error getting unread count: Error: Failed to fetch count
    at NotificationManager.getUnreadCount (http://localhost/abed-hub/assets/js/notifications.js:56:31)
    at async NotificationManager.pollNotifications (http://localhost/abed-hub/assets/js/notifications.js:243:20) @ http://localhost/abed-hub/assets/js/notifications.js:62
[ 1677626ms] [ERROR] Failed to load resource: the server responded with a status of 404 (Not Found) @ http://localhost/api/notifications.php?action=count:0
[ 1677626ms] [ERROR] Error getting unread count: Error: Failed to fetch count
    at NotificationManager.getUnreadCount (http://localhost/abed-hub/assets/js/notifications.js:56:31)
    at async NotificationManager.pollNotifications (http://localhost/abed-hub/assets/js/notifications.js:243:20) @ http://localhost/abed-hub/assets/js/notifications.js:62
[ 1707636ms] [ERROR] Failed to load resource: the server responded with a status of 404 (Not Found) @ http://localhost/api/notifications.php?action=count:0
[ 1707636ms] [ERROR] Error getting unread count: Error: Failed to fetch count
    at NotificationManager.getUnreadCount (http://localhost/abed-hub/assets/js/notifications.js:56:31)
    at async NotificationManager.pollNotifications (http://localhost/abed-hub/assets/js/notifications.js:243:20) @ http://localhost/abed-hub/assets/js/notifications.js:62
[ 1737650ms] [ERROR] Failed to load resource: the server responded with a status of 404 (Not Found) @ http://localhost/api/notifications.php?action=count:0
[ 1737650ms] [ERROR] Error getting unread count: Error: Failed to fetch count
    at NotificationManager.getUnreadCount (http://localhost/abed-hub/assets/js/notifications.js:56:31)
    at async NotificationManager.pollNotifications (http://localhost/abed-hub/assets/js/notifications.js:243:20) @ http://localhost/abed-hub/assets/js/notifications.js:62
[ 1767668ms] [ERROR] Failed to load resource: the server responded with a status of 404 (Not Found) @ http://localhost/api/notifications.php?action=count:0
[ 1767669ms] [ERROR] Error getting unread count: Error: Failed to fetch count
    at NotificationManager.getUnreadCount (http://localhost/abed-hub/assets/js/notifications.js:56:31)
    at async NotificationManager.pollNotifications (http://localhost/abed-hub/assets/js/notifications.js:243:20) @ http://localhost/abed-hub/assets/js/notifications.js:62
[ 1797683ms] [ERROR] Failed to load resource: the server responded with a status of 404 (Not Found) @ http://localhost/api/notifications.php?action=count:0
[ 1797683ms] [ERROR] Error getting unread count: Error: Failed to fetch count
    at NotificationManager.getUnreadCount (http://localhost/abed-hub/assets/js/notifications.js:56:31)
    at async NotificationManager.pollNotifications (http://localhost/abed-hub/assets/js/notifications.js:243:20) @ http://localhost/abed-hub/assets/js/notifications.js:62
[ 1827700ms] [ERROR] Failed to load resource: the server responded with a status of 404 (Not Found) @ http://localhost/api/notifications.php?action=count:0
[ 1827700ms] [ERROR] Error getting unread count: Error: Failed to fetch count
    at NotificationManager.getUnreadCount (http://localhost/abed-hub/assets/js/notifications.js:56:31)
    at async NotificationManager.pollNotifications (http://localhost/abed-hub/assets/js/notifications.js:243:20) @ http://localhost/abed-hub/assets/js/notifications.js:62
[ 1857712ms] [ERROR] Failed to load resource: the server responded with a status of 404 (Not Found) @ http://localhost/api/notifications.php?action=count:0
[ 1857713ms] [ERROR] Error getting unread count: Error: Failed to fetch count
    at NotificationManager.getUnreadCount (http://localhost/abed-hub/assets/js/notifications.js:56:31)
    at async NotificationManager.pollNotifications (http://localhost/abed-hub/assets/js/notifications.js:243:20) @ http://localhost/abed-hub/assets/js/notifications.js:62
[ 1887729ms] [ERROR] Failed to load resource: the server responded with a status of 404 (Not Found) @ http://localhost/api/notifications.php?action=count:0
[ 1887729ms] [ERROR] Error getting unread count: Error: Failed to fetch count
    at NotificationManager.getUnreadCount (http://localhost/abed-hub/assets/js/notifications.js:56:31)
    at async NotificationManager.pollNotifications (http://localhost/abed-hub/assets/js/notifications.js:243:20) @ http://localhost/abed-hub/assets/js/notifications.js:62
[ 1917746ms] [ERROR] Failed to load resource: the server responded with a status of 404 (Not Found) @ http://localhost/api/notifications.php?action=count:0
[ 1917746ms] [ERROR] Error getting unread count: Error: Failed to fetch count
    at NotificationManager.getUnreadCount (http://localhost/abed-hub/assets/js/notifications.js:56:31)
    at async NotificationManager.pollNotifications (http://localhost/abed-hub/assets/js/notifications.js:243:20) @ http://localhost/abed-hub/assets/js/notifications.js:62
[ 1947751ms] [ERROR] Failed to load resource: the server responded with a status of 404 (Not Found) @ http://localhost/api/notifications.php?action=count:0
[ 1947751ms] [ERROR] Error getting unread count: Error: Failed to fetch count
    at NotificationManager.getUnreadCount (http://localhost/abed-hub/assets/js/notifications.js:56:31)
    at async NotificationManager.pollNotifications (http://localhost/abed-hub/assets/js/notifications.js:243:20) @ http://localhost/abed-hub/assets/js/notifications.js:62
[ 1977780ms] [ERROR] Failed to load resource: the server responded with a status of 404 (Not Found) @ http://localhost/api/notifications.php?action=count:0
[ 1977789ms] [ERROR] Error getting unread count: Error: Failed to fetch count
    at NotificationManager.getUnreadCount (http://localhost/abed-hub/assets/js/notifications.js:56:31)
    at async NotificationManager.pollNotifications (http://localhost/abed-hub/assets/js/notifications.js:243:20) @ http://localhost/abed-hub/assets/js/notifications.js:62
[ 2007801ms] [ERROR] Failed to load resource: the server responded with a status of 404 (Not Found) @ http://localhost/api/notifications.php?action=count:0
[ 2007801ms] [ERROR] Error getting unread count: Error: Failed to fetch count
    at NotificationManager.getUnreadCount (http://localhost/abed-hub/assets/js/notifications.js:56:31)
    at async NotificationManager.pollNotifications (http://localhost/abed-hub/assets/js/notifications.js:243:20) @ http://localhost/abed-hub/assets/js/notifications.js:62
[ 2037820ms] [ERROR] Failed to load resource: the server responded with a status of 404 (Not Found) @ http://localhost/api/notifications.php?action=count:0
[ 2037821ms] [ERROR] Error getting unread count: Error: Failed to fetch count
    at NotificationManager.getUnreadCount (http://localhost/abed-hub/assets/js/notifications.js:56:31)
    at async NotificationManager.pollNotifications (http://localhost/abed-hub/assets/js/notifications.js:243:20) @ http://localhost/abed-hub/assets/js/notifications.js:62
[ 2067842ms] [ERROR] Failed to load resource: the server responded with a status of 404 (Not Found) @ http://localhost/api/notifications.php?action=count:0
[ 2067842ms] [ERROR] Error getting unread count: Error: Failed to fetch count
    at NotificationManager.getUnreadCount (http://localhost/abed-hub/assets/js/notifications.js:56:31)
    at async NotificationManager.pollNotifications (http://localhost/abed-hub/assets/js/notifications.js:243:20) @ http://localhost/abed-hub/assets/js/notifications.js:62
[ 2097859ms] [ERROR] Failed to load resource: the server responded with a status of 404 (Not Found) @ http://localhost/api/notifications.php?action=count:0
[ 2097859ms] [ERROR] Error getting unread count: Error: Failed to fetch count
    at NotificationManager.getUnreadCount (http://localhost/abed-hub/assets/js/notifications.js:56:31)
    at async NotificationManager.pollNotifications (http://localhost/abed-hub/assets/js/notifications.js:243:20) @ http://localhost/abed-hub/assets/js/notifications.js:62
[ 2127874ms] [ERROR] Failed to load resource: the server responded with a status of 404 (Not Found) @ http://localhost/api/notifications.php?action=count:0
[ 2127874ms] [ERROR] Error getting unread count: Error: Failed to fetch count
    at NotificationManager.getUnreadCount (http://localhost/abed-hub/assets/js/notifications.js:56:31)
    at async NotificationManager.pollNotifications (http://localhost/abed-hub/assets/js/notifications.js:243:20) @ http://localhost/abed-hub/assets/js/notifications.js:62
[ 2157889ms] [ERROR] Failed to load resource: the server responded with a status of 404 (Not Found) @ http://localhost/api/notifications.php?action=count:0
[ 2157890ms] [ERROR] Error getting unread count: Error: Failed to fetch count
    at NotificationManager.getUnreadCount (http://localhost/abed-hub/assets/js/notifications.js:56:31)
    at async NotificationManager.pollNotifications (http://localhost/abed-hub/assets/js/notifications.js:243:20) @ http://localhost/abed-hub/assets/js/notifications.js:62
[ 2187907ms] [ERROR] Failed to load resource: the server responded with a status of 404 (Not Found) @ http://localhost/api/notifications.php?action=count:0
[ 2187908ms] [ERROR] Error getting unread count: Error: Failed to fetch count
    at NotificationManager.getUnreadCount (http://localhost/abed-hub/assets/js/notifications.js:56:31)
    at async NotificationManager.pollNotifications (http://localhost/abed-hub/assets/js/notifications.js:243:20) @ http://localhost/abed-hub/assets/js/notifications.js:62
[ 2217930ms] [ERROR] Failed to load resource: the server responded with a status of 404 (Not Found) @ http://localhost/api/notifications.php?action=count:0
[ 2217941ms] [ERROR] Error getting unread count: Error: Failed to fetch count
    at NotificationManager.getUnreadCount (http://localhost/abed-hub/assets/js/notifications.js:56:31)
    at async NotificationManager.pollNotifications (http://localhost/abed-hub/assets/js/notifications.js:243:20) @ http://localhost/abed-hub/assets/js/notifications.js:62
[ 2247960ms] [ERROR] Failed to load resource: the server responded with a status of 404 (Not Found) @ http://localhost/api/notifications.php?action=count:0
[ 2247960ms] [ERROR] Error getting unread count: Error: Failed to fetch count
    at NotificationManager.getUnreadCount (http://localhost/abed-hub/assets/js/notifications.js:56:31)
    at async NotificationManager.pollNotifications (http://localhost/abed-hub/assets/js/notifications.js:243:20) @ http://localhost/abed-hub/assets/js/notifications.js:62
[ 2278012ms] [ERROR] Failed to load resource: the server responded with a status of 404 (Not Found) @ http://localhost/api/notifications.php?action=count:0
[ 2278013ms] [ERROR] Error getting unread count: Error: Failed to fetch count
    at NotificationManager.getUnreadCount (http://localhost/abed-hub/assets/js/notifications.js:56:31)
    at async NotificationManager.pollNotifications (http://localhost/abed-hub/assets/js/notifications.js:243:20) @ http://localhost/abed-hub/assets/js/notifications.js:62
[ 2308038ms] [ERROR] Failed to load resource: the server responded with a status of 404 (Not Found) @ http://localhost/api/notifications.php?action=count:0
[ 2308038ms] [ERROR] Error getting unread count: Error: Failed to fetch count
    at NotificationManager.getUnreadCount (http://localhost/abed-hub/assets/js/notifications.js:56:31)
    at async NotificationManager.pollNotifications (http://localhost/abed-hub/assets/js/notifications.js:243:20) @ http://localhost/abed-hub/assets/js/notifications.js:62
[ 2338056ms] [ERROR] Failed to load resource: the server responded with a status of 404 (Not Found) @ http://localhost/api/notifications.php?action=count:0
[ 2338056ms] [ERROR] Error getting unread count: Error: Failed to fetch count
    at NotificationManager.getUnreadCount (http://localhost/abed-hub/assets/js/notifications.js:56:31)
    at async NotificationManager.pollNotifications (http://localhost/abed-hub/assets/js/notifications.js:243:20) @ http://localhost/abed-hub/assets/js/notifications.js:62
[ 2368091ms] [ERROR] Failed to load resource: the server responded with a status of 404 (Not Found) @ http://localhost/api/notifications.php?action=count:0
[ 2368092ms] [ERROR] Error getting unread count: Error: Failed to fetch count
    at NotificationManager.getUnreadCount (http://localhost/abed-hub/assets/js/notifications.js:56:31)
    at async NotificationManager.pollNotifications (http://localhost/abed-hub/assets/js/notifications.js:243:20) @ http://localhost/abed-hub/assets/js/notifications.js:62
[ 2398104ms] [ERROR] Failed to load resource: the server responded with a status of 404 (Not Found) @ http://localhost/api/notifications.php?action=count:0
[ 2398105ms] [ERROR] Error getting unread count: Error: Failed to fetch count
    at NotificationManager.getUnreadCount (http://localhost/abed-hub/assets/js/notifications.js:56:31)
    at async NotificationManager.pollNotifications (http://localhost/abed-hub/assets/js/notifications.js:243:20) @ http://localhost/abed-hub/assets/js/notifications.js:62
[ 2428114ms] [ERROR] Failed to load resource: the server responded with a status of 404 (Not Found) @ http://localhost/api/notifications.php?action=count:0
[ 2428114ms] [ERROR] Error getting unread count: Error: Failed to fetch count
    at NotificationManager.getUnreadCount (http://localhost/abed-hub/assets/js/notifications.js:56:31)
    at async NotificationManager.pollNotifications (http://localhost/abed-hub/assets/js/notifications.js:243:20) @ http://localhost/abed-hub/assets/js/notifications.js:62
[ 2458135ms] [ERROR] Failed to load resource: the server responded with a status of 404 (Not Found) @ http://localhost/api/notifications.php?action=count:0
[ 2458135ms] [ERROR] Error getting unread count: Error: Failed to fetch count
    at NotificationManager.getUnreadCount (http://localhost/abed-hub/assets/js/notifications.js:56:31)
    at async NotificationManager.pollNotifications (http://localhost/abed-hub/assets/js/notifications.js:243:20) @ http://localhost/abed-hub/assets/js/notifications.js:62
[ 2488151ms] [ERROR] Failed to load resource: the server responded with a status of 404 (Not Found) @ http://localhost/api/notifications.php?action=count:0
[ 2488152ms] [ERROR] Error getting unread count: Error: Failed to fetch count
    at NotificationManager.getUnreadCount (http://localhost/abed-hub/assets/js/notifications.js:56:31)
    at async NotificationManager.pollNotifications (http://localhost/abed-hub/assets/js/notifications.js:243:20) @ http://localhost/abed-hub/assets/js/notifications.js:62
[ 2518170ms] [ERROR] Failed to load resource: the server responded with a status of 404 (Not Found) @ http://localhost/api/notifications.php?action=count:0
[ 2518207ms] [ERROR] Error getting unread count: Error: Failed to fetch count
    at NotificationManager.getUnreadCount (http://localhost/abed-hub/assets/js/notifications.js:56:31)
    at async NotificationManager.pollNotifications (http://localhost/abed-hub/assets/js/notifications.js:243:20) @ http://localhost/abed-hub/assets/js/notifications.js:62
