[     111ms] [VERBOSE] [DOM] Password field is not contained in a form: (More info: https://goo.gl/9p2vKq) %o @ http://localhost/abed-hub/projects-advanced.php:0
[     124ms] [ERROR] Failed to load resource: the server responded with a status of 404 (Not Found) @ http://localhost/api/notifications.php?action=count:0
[     124ms] [ERROR] Error getting unread count: Error: Failed to fetch count
    at NotificationManager.getUnreadCount (http://localhost/abed-hub/assets/js/notifications.js:56:31)
    at async NotificationManager.pollNotifications (http://localhost/abed-hub/assets/js/notifications.js:243:20) @ http://localhost/abed-hub/assets/js/notifications.js:62
[   30141ms] [ERROR] Failed to load resource: the server responded with a status of 404 (Not Found) @ http://localhost/api/notifications.php?action=count:0
[   30141ms] [ERROR] Error getting unread count: Error: Failed to fetch count
    at NotificationManager.getUnreadCount (http://localhost/abed-hub/assets/js/notifications.js:56:31)
    at async NotificationManager.pollNotifications (http://localhost/abed-hub/assets/js/notifications.js:243:20) @ http://localhost/abed-hub/assets/js/notifications.js:62
[   60147ms] [ERROR] Failed to load resource: the server responded with a status of 404 (Not Found) @ http://localhost/api/notifications.php?action=count:0
[   60147ms] [ERROR] Error getting unread count: Error: Failed to fetch count
    at NotificationManager.getUnreadCount (http://localhost/abed-hub/assets/js/notifications.js:56:31)
    at async NotificationManager.pollNotifications (http://localhost/abed-hub/assets/js/notifications.js:243:20) @ http://localhost/abed-hub/assets/js/notifications.js:62
[   90155ms] [ERROR] Failed to load resource: the server responded with a status of 404 (Not Found) @ http://localhost/api/notifications.php?action=count:0
[   90155ms] [ERROR] Error getting unread count: Error: Failed to fetch count
    at NotificationManager.getUnreadCount (http://localhost/abed-hub/assets/js/notifications.js:56:31)
    at async NotificationManager.pollNotifications (http://localhost/abed-hub/assets/js/notifications.js:243:20) @ http://localhost/abed-hub/assets/js/notifications.js:62
[  120165ms] [ERROR] Failed to load resource: the server responded with a status of 404 (Not Found) @ http://localhost/api/notifications.php?action=count:0
[  120165ms] [ERROR] Error getting unread count: Error: Failed to fetch count
    at NotificationManager.getUnreadCount (http://localhost/abed-hub/assets/js/notifications.js:56:31)
    at async NotificationManager.pollNotifications (http://localhost/abed-hub/assets/js/notifications.js:243:20) @ http://localhost/abed-hub/assets/js/notifications.js:62
[  140532ms] [VERBOSE] [DOM] Password field is not contained in a form: (More info: https://goo.gl/9p2vKq) %o @ http://localhost/abed-hub/projects-advanced.php:0
[  140539ms] [ERROR] Failed to load resource: the server responded with a status of 404 (Not Found) @ http://localhost/api/notifications.php?action=count:0
[  140539ms] [ERROR] Error getting unread count: Error: Failed to fetch count
    at NotificationManager.getUnreadCount (http://localhost/abed-hub/assets/js/notifications.js:56:31)
    at async NotificationManager.pollNotifications (http://localhost/abed-hub/assets/js/notifications.js:243:20) @ http://localhost/abed-hub/assets/js/notifications.js:62
[  153031ms] [VERBOSE] [DOM] Password field is not contained in a form: (More info: https://goo.gl/9p2vKq) %o @ http://localhost/abed-hub/projects-advanced.php:0
[  153039ms] [ERROR] Failed to load resource: the server responded with a status of 404 (Not Found) @ http://localhost/api/notifications.php?action=count:0
[  153040ms] [ERROR] Error getting unread count: Error: Failed to fetch count
    at NotificationManager.getUnreadCount (http://localhost/abed-hub/assets/js/notifications.js:56:31)
    at async NotificationManager.pollNotifications (http://localhost/abed-hub/assets/js/notifications.js:243:20) @ http://localhost/abed-hub/assets/js/notifications.js:62
[  163824ms] [VERBOSE] [DOM] Password field is not contained in a form: (More info: https://goo.gl/9p2vKq) %o @ http://localhost/abed-hub/projects-advanced.php:0
[  163835ms] [ERROR] Failed to load resource: the server responded with a status of 404 (Not Found) @ http://localhost/api/notifications.php?action=count:0
[  163836ms] [ERROR] Error getting unread count: Error: Failed to fetch count
    at NotificationManager.getUnreadCount (http://localhost/abed-hub/assets/js/notifications.js:56:31)
    at async NotificationManager.pollNotifications (http://localhost/abed-hub/assets/js/notifications.js:243:20) @ http://localhost/abed-hub/assets/js/notifications.js:62
[  167009ms] [ERROR] Failed to load resource: the server responded with a status of 404 (Not Found) @ http://localhost/api/notifications.php?action=count:0
[  167009ms] [ERROR] Error getting unread count: Error: Failed to fetch count
    at NotificationManager.getUnreadCount (http://localhost/abed-hub/assets/js/notifications.js:56:31)
    at async NotificationManager.pollNotifications (http://localhost/abed-hub/assets/js/notifications.js:243:20) @ http://localhost/abed-hub/assets/js/notifications.js:62
[  169549ms] [VERBOSE] [DOM] Password field is not contained in a form: (More info: https://goo.gl/9p2vKq) %o @ http://localhost/abed-hub/projects-advanced.php:0
[  169557ms] [ERROR] Failed to load resource: the server responded with a status of 404 (Not Found) @ http://localhost/api/notifications.php?action=count:0
[  169557ms] [ERROR] Error getting unread count: Error: Failed to fetch count
    at NotificationManager.getUnreadCount (http://localhost/abed-hub/assets/js/notifications.js:56:31)
    at async NotificationManager.pollNotifications (http://localhost/abed-hub/assets/js/notifications.js:243:20) @ http://localhost/abed-hub/assets/js/notifications.js:62
[  172686ms] [VERBOSE] [DOM] Password field is not contained in a form: (More info: https://goo.gl/9p2vKq) %o @ http://localhost/abed-hub/projects-advanced.php?type=idp&search=&stage=&year=2026:0
[  172695ms] [ERROR] Failed to load resource: the server responded with a status of 404 (Not Found) @ http://localhost/api/notifications.php?action=count:0
[  172695ms] [ERROR] Error getting unread count: Error: Failed to fetch count
    at NotificationManager.getUnreadCount (http://localhost/abed-hub/assets/js/notifications.js:56:31)
    at async NotificationManager.pollNotifications (http://localhost/abed-hub/assets/js/notifications.js:243:20) @ http://localhost/abed-hub/assets/js/notifications.js:62
[  172975ms] [VERBOSE] [DOM] Password field is not contained in a form: (More info: https://goo.gl/9p2vKq) %o @ http://localhost/abed-hub/projects-advanced.php?type=afme&search=&stage=&year=2026:0
[  172979ms] [ERROR] Failed to load resource: the server responded with a status of 404 (Not Found) @ http://localhost/api/notifications.php?action=count:0
[  172979ms] [ERROR] Error getting unread count: Error: Failed to fetch count
    at NotificationManager.getUnreadCount (http://localhost/abed-hub/assets/js/notifications.js:56:31)
    at async NotificationManager.pollNotifications (http://localhost/abed-hub/assets/js/notifications.js:243:20) @ http://localhost/abed-hub/assets/js/notifications.js:62
[  173419ms] [VERBOSE] [DOM] Password field is not contained in a form: (More info: https://goo.gl/9p2vKq) %o @ http://localhost/abed-hub/projects-advanced.php?type=fspf&search=&stage=&year=2026:0
[  173425ms] [ERROR] Failed to load resource: the server responded with a status of 404 (Not Found) @ http://localhost/api/notifications.php?action=count:0
[  173426ms] [ERROR] Error getting unread count: Error: Failed to fetch count
    at NotificationManager.getUnreadCount (http://localhost/abed-hub/assets/js/notifications.js:56:31)
    at async NotificationManager.pollNotifications (http://localhost/abed-hub/assets/js/notifications.js:243:20) @ http://localhost/abed-hub/assets/js/notifications.js:62
[  173740ms] [VERBOSE] [DOM] Password field is not contained in a form: (More info: https://goo.gl/9p2vKq) %o @ http://localhost/abed-hub/projects-advanced.php?type=idp&search=&stage=&year=2026:0
[  173749ms] [ERROR] Failed to load resource: the server responded with a status of 404 (Not Found) @ http://localhost/api/notifications.php?action=count:0
[  173749ms] [ERROR] Error getting unread count: Error: Failed to fetch count
    at NotificationManager.getUnreadCount (http://localhost/abed-hub/assets/js/notifications.js:56:31)
    at async NotificationManager.pollNotifications (http://localhost/abed-hub/assets/js/notifications.js:243:20) @ http://localhost/abed-hub/assets/js/notifications.js:62
[  175025ms] [VERBOSE] [DOM] Password field is not contained in a form: (More info: https://goo.gl/9p2vKq) %o @ http://localhost/abed-hub/projects-advanced.php?type=fspf&search=&stage=&year=2026:0
[  175028ms] [ERROR] Failed to load resource: the server responded with a status of 404 (Not Found) @ http://localhost/api/notifications.php?action=count:0
[  175028ms] [ERROR] Error getting unread count: Error: Failed to fetch count
    at NotificationManager.getUnreadCount (http://localhost/abed-hub/assets/js/notifications.js:56:31)
    at async NotificationManager.pollNotifications (http://localhost/abed-hub/assets/js/notifications.js:243:20) @ http://localhost/abed-hub/assets/js/notifications.js:62
[  178336ms] [VERBOSE] [DOM] Password field is not contained in a form: (More info: https://goo.gl/9p2vKq) %o @ http://localhost/abed-hub/projects-advanced.php?type=idp&search=&stage=&year=2026:0
[  178342ms] [ERROR] Failed to load resource: the server responded with a status of 404 (Not Found) @ http://localhost/api/notifications.php?action=count:0
[  178342ms] [ERROR] Error getting unread count: Error: Failed to fetch count
    at NotificationManager.getUnreadCount (http://localhost/abed-hub/assets/js/notifications.js:56:31)
    at async NotificationManager.pollNotifications (http://localhost/abed-hub/assets/js/notifications.js:243:20) @ http://localhost/abed-hub/assets/js/notifications.js:62
[  181820ms] [VERBOSE] [DOM] Password field is not contained in a form: (More info: https://goo.gl/9p2vKq) %o @ http://localhost/abed-hub/projects-advanced.php?type=fspf&search=&stage=&year=2026:0
[  181824ms] [ERROR] Failed to load resource: the server responded with a status of 404 (Not Found) @ http://localhost/api/notifications.php?action=count:0
[  181825ms] [ERROR] Error getting unread count: Error: Failed to fetch count
    at NotificationManager.getUnreadCount (http://localhost/abed-hub/assets/js/notifications.js:56:31)
    at async NotificationManager.pollNotifications (http://localhost/abed-hub/assets/js/notifications.js:243:20) @ http://localhost/abed-hub/assets/js/notifications.js:62
[  193785ms] [ERROR] Failed to load resource: the server responded with a status of 404 (Not Found) @ http://localhost/api/notifications.php?action=count:0
[  193786ms] [ERROR] Error getting unread count: Error: Failed to fetch count
    at NotificationManager.getUnreadCount (http://localhost/abed-hub/assets/js/notifications.js:56:31)
    at async NotificationManager.pollNotifications (http://localhost/abed-hub/assets/js/notifications.js:243:20) @ http://localhost/abed-hub/assets/js/notifications.js:62
[  194571ms] [VERBOSE] [DOM] Password field is not contained in a form: (More info: https://goo.gl/9p2vKq) %o @ http://localhost/abed-hub/projects-advanced.php:0
[  194580ms] [ERROR] Failed to load resource: the server responded with a status of 404 (Not Found) @ http://localhost/api/notifications.php?action=count:0
[  194580ms] [ERROR] Error getting unread count: Error: Failed to fetch count
    at NotificationManager.getUnreadCount (http://localhost/abed-hub/assets/js/notifications.js:56:31)
    at async NotificationManager.pollNotifications (http://localhost/abed-hub/assets/js/notifications.js:243:20) @ http://localhost/abed-hub/assets/js/notifications.js:62
[  196223ms] [VERBOSE] [DOM] Password field is not contained in a form: (More info: https://goo.gl/9p2vKq) %o @ http://localhost/abed-hub/projects-advanced.php?type=idp&search=&stage=&year=2026:0
[  196231ms] [ERROR] Failed to load resource: the server responded with a status of 404 (Not Found) @ http://localhost/api/notifications.php?action=count:0
[  196231ms] [ERROR] Error getting unread count: Error: Failed to fetch count
    at NotificationManager.getUnreadCount (http://localhost/abed-hub/assets/js/notifications.js:56:31)
    at async NotificationManager.pollNotifications (http://localhost/abed-hub/assets/js/notifications.js:243:20) @ http://localhost/abed-hub/assets/js/notifications.js:62
[  198520ms] [ERROR] Failed to load resource: the server responded with a status of 404 (Not Found) @ http://localhost/api/notifications.php?action=count:0
[  198520ms] [ERROR] Error getting unread count: Error: Failed to fetch count
    at NotificationManager.getUnreadCount (http://localhost/abed-hub/assets/js/notifications.js:56:31)
    at async NotificationManager.pollNotifications (http://localhost/abed-hub/assets/js/notifications.js:243:20) @ http://localhost/abed-hub/assets/js/notifications.js:62
[  206598ms] [VERBOSE] [DOM] Password field is not contained in a form: (More info: https://goo.gl/9p2vKq) %o @ http://localhost/abed-hub/projects-advanced.php?type=idp&search=&stage=&year=2026:0
[  206614ms] [ERROR] Failed to load resource: the server responded with a status of 404 (Not Found) @ http://localhost/api/notifications.php?action=count:0
[  206615ms] [ERROR] Error getting unread count: Error: Failed to fetch count
    at NotificationManager.getUnreadCount (http://localhost/abed-hub/assets/js/notifications.js:56:31)
    at async NotificationManager.pollNotifications (http://localhost/abed-hub/assets/js/notifications.js:243:20) @ http://localhost/abed-hub/assets/js/notifications.js:62
[  210547ms] [ERROR] Failed to load resource: the server responded with a status of 404 (Not Found) @ http://localhost/api/notifications.php?action=count:0
[  210547ms] [ERROR] Error getting unread count: Error: Failed to fetch count
    at NotificationManager.getUnreadCount (http://localhost/abed-hub/assets/js/notifications.js:56:31)
    at async NotificationManager.pollNotifications (http://localhost/abed-hub/assets/js/notifications.js:243:20) @ http://localhost/abed-hub/assets/js/notifications.js:62
[  240561ms] [ERROR] Failed to load resource: the server responded with a status of 404 (Not Found) @ http://localhost/api/notifications.php?action=count:0
[  240561ms] [ERROR] Error getting unread count: Error: Failed to fetch count
    at NotificationManager.getUnreadCount (http://localhost/abed-hub/assets/js/notifications.js:56:31)
    at async NotificationManager.pollNotifications (http://localhost/abed-hub/assets/js/notifications.js:243:20) @ http://localhost/abed-hub/assets/js/notifications.js:62
[  270577ms] [ERROR] Failed to load resource: the server responded with a status of 404 (Not Found) @ http://localhost/api/notifications.php?action=count:0
[  270577ms] [ERROR] Error getting unread count: Error: Failed to fetch count
    at NotificationManager.getUnreadCount (http://localhost/abed-hub/assets/js/notifications.js:56:31)
    at async NotificationManager.pollNotifications (http://localhost/abed-hub/assets/js/notifications.js:243:20) @ http://localhost/abed-hub/assets/js/notifications.js:62
[  300595ms] [ERROR] Failed to load resource: the server responded with a status of 404 (Not Found) @ http://localhost/api/notifications.php?action=count:0
[  300595ms] [ERROR] Error getting unread count: Error: Failed to fetch count
    at NotificationManager.getUnreadCount (http://localhost/abed-hub/assets/js/notifications.js:56:31)
    at async NotificationManager.pollNotifications (http://localhost/abed-hub/assets/js/notifications.js:243:20) @ http://localhost/abed-hub/assets/js/notifications.js:62
[  330616ms] [ERROR] Failed to load resource: the server responded with a status of 404 (Not Found) @ http://localhost/api/notifications.php?action=count:0
[  330616ms] [ERROR] Error getting unread count: Error: Failed to fetch count
    at NotificationManager.getUnreadCount (http://localhost/abed-hub/assets/js/notifications.js:56:31)
    at async NotificationManager.pollNotifications (http://localhost/abed-hub/assets/js/notifications.js:243:20) @ http://localhost/abed-hub/assets/js/notifications.js:62
[  360630ms] [ERROR] Failed to load resource: the server responded with a status of 404 (Not Found) @ http://localhost/api/notifications.php?action=count:0
[  360631ms] [ERROR] Error getting unread count: Error: Failed to fetch count
    at NotificationManager.getUnreadCount (http://localhost/abed-hub/assets/js/notifications.js:56:31)
    at async NotificationManager.pollNotifications (http://localhost/abed-hub/assets/js/notifications.js:243:20) @ http://localhost/abed-hub/assets/js/notifications.js:62
[  390646ms] [ERROR] Failed to load resource: the server responded with a status of 404 (Not Found) @ http://localhost/api/notifications.php?action=count:0
[  390646ms] [ERROR] Error getting unread count: Error: Failed to fetch count
    at NotificationManager.getUnreadCount (http://localhost/abed-hub/assets/js/notifications.js:56:31)
    at async NotificationManager.pollNotifications (http://localhost/abed-hub/assets/js/notifications.js:243:20) @ http://localhost/abed-hub/assets/js/notifications.js:62
