[     121ms] [ERROR] Failed to load resource: the server responded with a status of 404 (Not Found) @ http://localhost/api/notifications.php?action=count:0
[     122ms] [ERROR] Error getting unread count: Error: Failed to fetch count
    at NotificationManager.getUnreadCount (http://localhost/abed-hub/assets/js/notifications.js:56:31)
    at async NotificationManager.pollNotifications (http://localhost/abed-hub/assets/js/notifications.js:243:20) @ http://localhost/abed-hub/assets/js/notifications.js:62
[   17451ms] [ERROR] Failed to load resource: the server responded with a status of 404 (Not Found) @ http://localhost/api/notifications.php?action=count:0
[   17451ms] [ERROR] Error getting unread count: Error: Failed to fetch count
    at NotificationManager.getUnreadCount (http://localhost/abed-hub/assets/js/notifications.js:56:31)
    at async NotificationManager.pollNotifications (http://localhost/abed-hub/assets/js/notifications.js:243:20) @ http://localhost/abed-hub/assets/js/notifications.js:62
[   49248ms] [ERROR] Failed to load resource: the server responded with a status of 404 (Not Found) @ http://localhost/api/notifications.php?action=count:0
[   49248ms] [ERROR] Error getting unread count: Error: Failed to fetch count
    at NotificationManager.getUnreadCount (http://localhost/abed-hub/assets/js/notifications.js:56:31)
    at async NotificationManager.pollNotifications (http://localhost/abed-hub/assets/js/notifications.js:243:20) @ http://localhost/abed-hub/assets/js/notifications.js:62
[   56531ms] [ERROR] Failed to load resource: the server responded with a status of 404 (Not Found) @ http://localhost/api/notifications.php?action=count:0
[   56532ms] [ERROR] Error getting unread count: Error: Failed to fetch count
    at NotificationManager.getUnreadCount (http://localhost/abed-hub/assets/js/notifications.js:56:31)
    at async NotificationManager.pollNotifications (http://localhost/abed-hub/assets/js/notifications.js:243:20) @ http://localhost/abed-hub/assets/js/notifications.js:62
[   66759ms] [ERROR] Failed to load resource: the server responded with a status of 404 (Not Found) @ http://localhost/api/notifications.php?action=count:0
[   66759ms] [ERROR] Error getting unread count: Error: Failed to fetch count
    at NotificationManager.getUnreadCount (http://localhost/abed-hub/assets/js/notifications.js:56:31)
    at async NotificationManager.pollNotifications (http://localhost/abed-hub/assets/js/notifications.js:243:20) @ http://localhost/abed-hub/assets/js/notifications.js:62
[   86538ms] [ERROR] Failed to load resource: the server responded with a status of 404 (Not Found) @ http://localhost/api/notifications.php?action=count:0
[   86539ms] [ERROR] Error getting unread count: Error: Failed to fetch count
    at NotificationManager.getUnreadCount (http://localhost/abed-hub/assets/js/notifications.js:56:31)
    at async NotificationManager.pollNotifications (http://localhost/abed-hub/assets/js/notifications.js:243:20) @ http://localhost/abed-hub/assets/js/notifications.js:62
[  113310ms] [ERROR] Failed to load resource: the server responded with a status of 404 (Not Found) @ http://localhost/api/notifications.php?action=count:0
[  113311ms] [ERROR] Error getting unread count: Error: Failed to fetch count
    at NotificationManager.getUnreadCount (http://localhost/abed-hub/assets/js/notifications.js:56:31)
    at async NotificationManager.pollNotifications (http://localhost/abed-hub/assets/js/notifications.js:243:20) @ http://localhost/abed-hub/assets/js/notifications.js:62
[  118470ms] [ERROR] Failed to load resource: the server responded with a status of 404 (Not Found) @ http://localhost/api/notifications.php?action=count:0
[  118471ms] [ERROR] Error getting unread count: Error: Failed to fetch count
    at NotificationManager.getUnreadCount (http://localhost/abed-hub/assets/js/notifications.js:56:31)
    at async NotificationManager.pollNotifications (http://localhost/abed-hub/assets/js/notifications.js:243:20) @ http://localhost/abed-hub/assets/js/notifications.js:62
[  123953ms] [ERROR] Failed to load resource: the server responded with a status of 404 (Not Found) @ http://localhost/api/notifications.php?action=count:0
[  123953ms] [ERROR] Error getting unread count: Error: Failed to fetch count
    at NotificationManager.getUnreadCount (http://localhost/abed-hub/assets/js/notifications.js:56:31)
    at async NotificationManager.pollNotifications (http://localhost/abed-hub/assets/js/notifications.js:243:20) @ http://localhost/abed-hub/assets/js/notifications.js:62
[  136605ms] TypeError: Cannot read properties of undefined (reading 'backdrop')
    at Ln._initializeBackDrop (http://localhost/abed-hub/assets/bootstrap/js/bootstrap.bundle.min.js:6:52393)
    at new Ln (http://localhost/abed-hub/assets/bootstrap/js/bootstrap.bundle.min.js:6:51304)
    at Ln.getOrCreateInstance (http://localhost/abed-hub/assets/bootstrap/js/bootstrap.bundle.min.js:6:7897)
    at HTMLButtonElement.<anonymous> (http://localhost/abed-hub/assets/bootstrap/js/bootstrap.bundle.min.js:6:55266)
    at HTMLDocument.n (http://localhost/abed-hub/assets/bootstrap/js/bootstrap.bundle.min.js:6:4326)
[  138547ms] TypeError: Cannot read properties of undefined (reading 'backdrop')
    at Ln._initializeBackDrop (http://localhost/abed-hub/assets/bootstrap/js/bootstrap.bundle.min.js:6:52393)
    at new Ln (http://localhost/abed-hub/assets/bootstrap/js/bootstrap.bundle.min.js:6:51304)
    at Ln.getOrCreateInstance (http://localhost/abed-hub/assets/bootstrap/js/bootstrap.bundle.min.js:6:7897)
    at HTMLButtonElement.<anonymous> (http://localhost/abed-hub/assets/bootstrap/js/bootstrap.bundle.min.js:6:55266)
    at HTMLDocument.n (http://localhost/abed-hub/assets/bootstrap/js/bootstrap.bundle.min.js:6:4326)
[  139538ms] TypeError: Cannot read properties of undefined (reading 'backdrop')
    at Ln._initializeBackDrop (http://localhost/abed-hub/assets/bootstrap/js/bootstrap.bundle.min.js:6:52393)
    at new Ln (http://localhost/abed-hub/assets/bootstrap/js/bootstrap.bundle.min.js:6:51304)
    at Ln.getOrCreateInstance (http://localhost/abed-hub/assets/bootstrap/js/bootstrap.bundle.min.js:6:7897)
    at HTMLButtonElement.<anonymous> (http://localhost/abed-hub/assets/bootstrap/js/bootstrap.bundle.min.js:6:55266)
    at HTMLDocument.n (http://localhost/abed-hub/assets/bootstrap/js/bootstrap.bundle.min.js:6:4326)
[  139665ms] TypeError: Cannot read properties of undefined (reading 'backdrop')
    at Ln._initializeBackDrop (http://localhost/abed-hub/assets/bootstrap/js/bootstrap.bundle.min.js:6:52393)
    at new Ln (http://localhost/abed-hub/assets/bootstrap/js/bootstrap.bundle.min.js:6:51304)
    at Ln.getOrCreateInstance (http://localhost/abed-hub/assets/bootstrap/js/bootstrap.bundle.min.js:6:7897)
    at HTMLButtonElement.<anonymous> (http://localhost/abed-hub/assets/bootstrap/js/bootstrap.bundle.min.js:6:55266)
    at HTMLDocument.n (http://localhost/abed-hub/assets/bootstrap/js/bootstrap.bundle.min.js:6:4326)
[  139793ms] TypeError: Cannot read properties of undefined (reading 'backdrop')
    at Ln._initializeBackDrop (http://localhost/abed-hub/assets/bootstrap/js/bootstrap.bundle.min.js:6:52393)
    at new Ln (http://localhost/abed-hub/assets/bootstrap/js/bootstrap.bundle.min.js:6:51304)
    at Ln.getOrCreateInstance (http://localhost/abed-hub/assets/bootstrap/js/bootstrap.bundle.min.js:6:7897)
    at HTMLButtonElement.<anonymous> (http://localhost/abed-hub/assets/bootstrap/js/bootstrap.bundle.min.js:6:55266)
    at HTMLDocument.n (http://localhost/abed-hub/assets/bootstrap/js/bootstrap.bundle.min.js:6:4326)
[  139921ms] TypeError: Cannot read properties of undefined (reading 'backdrop')
    at Ln._initializeBackDrop (http://localhost/abed-hub/assets/bootstrap/js/bootstrap.bundle.min.js:6:52393)
    at new Ln (http://localhost/abed-hub/assets/bootstrap/js/bootstrap.bundle.min.js:6:51304)
    at Ln.getOrCreateInstance (http://localhost/abed-hub/assets/bootstrap/js/bootstrap.bundle.min.js:6:7897)
    at HTMLButtonElement.<anonymous> (http://localhost/abed-hub/assets/bootstrap/js/bootstrap.bundle.min.js:6:55266)
    at HTMLDocument.n (http://localhost/abed-hub/assets/bootstrap/js/bootstrap.bundle.min.js:6:4326)
[  140033ms] TypeError: Cannot read properties of undefined (reading 'backdrop')
    at Ln._initializeBackDrop (http://localhost/abed-hub/assets/bootstrap/js/bootstrap.bundle.min.js:6:52393)
    at new Ln (http://localhost/abed-hub/assets/bootstrap/js/bootstrap.bundle.min.js:6:51304)
    at Ln.getOrCreateInstance (http://localhost/abed-hub/assets/bootstrap/js/bootstrap.bundle.min.js:6:7897)
    at HTMLButtonElement.<anonymous> (http://localhost/abed-hub/assets/bootstrap/js/bootstrap.bundle.min.js:6:55266)
    at HTMLDocument.n (http://localhost/abed-hub/assets/bootstrap/js/bootstrap.bundle.min.js:6:4326)
[  148900ms] [ERROR] Failed to load resource: the server responded with a status of 404 (Not Found) @ http://localhost/api/notifications.php?action=count:0
[  148901ms] [ERROR] Error getting unread count: Error: Failed to fetch count
    at NotificationManager.getUnreadCount (http://localhost/abed-hub/assets/js/notifications.js:56:31)
    at async NotificationManager.pollNotifications (http://localhost/abed-hub/assets/js/notifications.js:243:20) @ http://localhost/abed-hub/assets/js/notifications.js:62
[  158742ms] [ERROR] Failed to load resource: the server responded with a status of 404 (Not Found) @ http://localhost/api/notifications.php?action=count:0
[  158742ms] [ERROR] Error getting unread count: Error: Failed to fetch count
    at NotificationManager.getUnreadCount (http://localhost/abed-hub/assets/js/notifications.js:56:31)
    at async NotificationManager.pollNotifications (http://localhost/abed-hub/assets/js/notifications.js:243:20) @ http://localhost/abed-hub/assets/js/notifications.js:62
[  164391ms] [ERROR] Failed to load resource: the server responded with a status of 404 (Not Found) @ http://localhost/api/notifications.php?action=count:0
[  164392ms] [ERROR] Error getting unread count: Error: Failed to fetch count
    at NotificationManager.getUnreadCount (http://localhost/abed-hub/assets/js/notifications.js:56:31)
    at async NotificationManager.pollNotifications (http://localhost/abed-hub/assets/js/notifications.js:243:20) @ http://localhost/abed-hub/assets/js/notifications.js:62
[  168276ms] [ERROR] Failed to load resource: the server responded with a status of 404 (Not Found) @ http://localhost/api/notifications.php?action=count:0
[  168276ms] [ERROR] Error getting unread count: Error: Failed to fetch count
    at NotificationManager.getUnreadCount (http://localhost/abed-hub/assets/js/notifications.js:56:31)
    at async NotificationManager.pollNotifications (http://localhost/abed-hub/assets/js/notifications.js:243:20) @ http://localhost/abed-hub/assets/js/notifications.js:62
[  185021ms] [LOG] Response data: {status: success, message: FSPF Project registered successfully, project_id: 3} @ http://localhost/abed-hub/projects-advanced.php:601
[  187116ms] [ERROR] Failed to load resource: the server responded with a status of 404 (Not Found) @ http://localhost/api/notifications.php?action=count:0
[  187116ms] [ERROR] Error getting unread count: Error: Failed to fetch count
    at NotificationManager.getUnreadCount (http://localhost/abed-hub/assets/js/notifications.js:56:31)
    at async NotificationManager.pollNotifications (http://localhost/abed-hub/assets/js/notifications.js:243:20) @ http://localhost/abed-hub/assets/js/notifications.js:62
[  190045ms] [ERROR] Failed to load resource: the server responded with a status of 404 (Not Found) @ http://localhost/api/notifications.php?action=count:0
[  190046ms] [ERROR] Error getting unread count: Error: Failed to fetch count
    at NotificationManager.getUnreadCount (http://localhost/abed-hub/assets/js/notifications.js:56:31)
    at async NotificationManager.pollNotifications (http://localhost/abed-hub/assets/js/notifications.js:243:20) @ http://localhost/abed-hub/assets/js/notifications.js:62
[  206999ms] [ERROR] Failed to load resource: the server responded with a status of 404 (Not Found) @ http://localhost/api/notifications.php?action=count:0
[  207004ms] [ERROR] Error getting unread count: Error: Failed to fetch count
    at NotificationManager.getUnreadCount (http://localhost/abed-hub/assets/js/notifications.js:56:31)
    at async NotificationManager.pollNotifications (http://localhost/abed-hub/assets/js/notifications.js:243:20) @ http://localhost/abed-hub/assets/js/notifications.js:62
[  237035ms] [ERROR] Failed to load resource: the server responded with a status of 404 (Not Found) @ http://localhost/api/notifications.php?action=count:0
[  237036ms] [ERROR] Error getting unread count: Error: Failed to fetch count
    at NotificationManager.getUnreadCount (http://localhost/abed-hub/assets/js/notifications.js:56:31)
    at async NotificationManager.pollNotifications (http://localhost/abed-hub/assets/js/notifications.js:243:20) @ http://localhost/abed-hub/assets/js/notifications.js:62
